This is pdfTeX, Version 3.141592653-2.6-1.40.24 (TeX Live 2022/Debian) (preloaded format=pdflatex 2024.4.4)  20 MAR 2025 10:28
entering extended mode
 restricted \write18 enabled.
 %&-line parsing enabled.
**main.tex
(./main.tex
LaTeX2e <2022-11-01> patch level 1
L3 programming layer <2023-01-16>
(/usr/share/texlive/texmf-dist/tex/latex/base/article.cls
Document Class: article 2022/07/02 v1.4n Standard LaTeX document class
(/usr/share/texlive/texmf-dist/tex/latex/base/size10.clo
File: size10.clo 2022/07/02 v1.4n Standard LaTeX file (size option)
)
\c@part=\count185
\c@section=\count186
\c@subsection=\count187
\c@subsubsection=\count188
\c@paragraph=\count189
\c@subparagraph=\count190
\c@figure=\count191
\c@table=\count192
\abovecaptionskip=\skip48
\belowcaptionskip=\skip49
\bibindent=\dimen140
)
(/usr/share/texlive/texmf-dist/tex/latex/background/background.sty
Package: background 2014/03/04 v2.1 background material

(/usr/share/texlive/texmf-dist/tex/latex/xkeyval/xkeyval.sty
Package: xkeyval 2022/06/16 v2.9 package option processing (HA)

(/usr/share/texlive/texmf-dist/tex/generic/xkeyval/xkeyval.tex
(/usr/share/texlive/texmf-dist/tex/generic/xkeyval/xkvutils.tex
\XKV@toks=\toks16
\XKV@tempa@toks=\toks17

(/usr/share/texlive/texmf-dist/tex/generic/xkeyval/keyval.tex))
\XKV@depth=\count193
File: xkeyval.tex 2014/12/03 v2.7a key=value parser (HA)
))
(/usr/share/texlive/texmf-dist/tex/latex/pgf/frontendlayer/tikz.sty
(/usr/share/texlive/texmf-dist/tex/latex/pgf/basiclayer/pgf.sty
(/usr/share/texlive/texmf-dist/tex/latex/pgf/utilities/pgfrcs.sty
(/usr/share/texlive/texmf-dist/tex/generic/pgf/utilities/pgfutil-common.tex
\pgfutil@everybye=\toks18
\pgfutil@tempdima=\dimen141
\pgfutil@tempdimb=\dimen142
)
(/usr/share/texlive/texmf-dist/tex/generic/pgf/utilities/pgfutil-latex.def
\pgfutil@abb=\box51
)
(/usr/share/texlive/texmf-dist/tex/generic/pgf/utilities/pgfrcs.code.tex
(/usr/share/texlive/texmf-dist/tex/generic/pgf/pgf.revision.tex)
Package: pgfrcs 2023-01-15 v3.1.10 (3.1.10)
))
Package: pgf 2023-01-15 v3.1.10 (3.1.10)

(/usr/share/texlive/texmf-dist/tex/latex/pgf/basiclayer/pgfcore.sty
(/usr/share/texlive/texmf-dist/tex/latex/graphics/graphicx.sty
Package: graphicx 2021/09/16 v1.2d Enhanced LaTeX Graphics (DPC,SPQR)

(/usr/share/texlive/texmf-dist/tex/latex/graphics/graphics.sty
Package: graphics 2022/03/10 v1.4e Standard LaTeX Graphics (DPC,SPQR)

(/usr/share/texlive/texmf-dist/tex/latex/graphics/trig.sty
Package: trig 2021/08/11 v1.11 sin cos tan (DPC)
)
(/usr/share/texlive/texmf-dist/tex/latex/graphics-cfg/graphics.cfg
File: graphics.cfg 2016/06/04 v1.11 sample graphics configuration
)
Package graphics Info: Driver file: pdftex.def on input line 107.

(/usr/share/texlive/texmf-dist/tex/latex/graphics-def/pdftex.def
File: pdftex.def 2022/09/22 v1.2b Graphics/color driver for pdftex
))
\Gin@req@height=\dimen143
\Gin@req@width=\dimen144
)
(/usr/share/texlive/texmf-dist/tex/latex/pgf/systemlayer/pgfsys.sty
(/usr/share/texlive/texmf-dist/tex/generic/pgf/systemlayer/pgfsys.code.tex
Package: pgfsys 2023-01-15 v3.1.10 (3.1.10)

(/usr/share/texlive/texmf-dist/tex/generic/pgf/utilities/pgfkeys.code.tex
\pgfkeys@pathtoks=\toks19
\pgfkeys@temptoks=\toks20

(/usr/share/texlive/texmf-dist/tex/generic/pgf/utilities/pgfkeyslibraryfiltered
.code.tex
\pgfkeys@tmptoks=\toks21
))
\pgf@x=\dimen145
\pgf@y=\dimen146
\pgf@xa=\dimen147
\pgf@ya=\dimen148
\pgf@xb=\dimen149
\pgf@yb=\dimen150
\pgf@xc=\dimen151
\pgf@yc=\dimen152
\pgf@xd=\dimen153
\pgf@yd=\dimen154
\w@pgf@writea=\write3
\r@pgf@reada=\read2
\c@pgf@counta=\count194
\c@pgf@countb=\count195
\c@pgf@countc=\count196
\c@pgf@countd=\count197
\t@pgf@toka=\toks22
\t@pgf@tokb=\toks23
\t@pgf@tokc=\toks24
\pgf@sys@id@count=\count198
 (/usr/share/texlive/texmf-dist/tex/generic/pgf/systemlayer/pgf.cfg
File: pgf.cfg 2023-01-15 v3.1.10 (3.1.10)
)
Driver file for pgf: pgfsys-pdftex.def
(/usr/share/texlive/texmf-dist/tex/generic/pgf/systemlayer/pgfsys-pdftex.def
File: pgfsys-pdftex.def 2023-01-15 v3.1.10 (3.1.10)

(/usr/share/texlive/texmf-dist/tex/generic/pgf/systemlayer/pgfsys-common-pdf.de
f
File: pgfsys-common-pdf.def 2023-01-15 v3.1.10 (3.1.10)
)))
(/usr/share/texlive/texmf-dist/tex/generic/pgf/systemlayer/pgfsyssoftpath.code.
tex
File: pgfsyssoftpath.code.tex 2023-01-15 v3.1.10 (3.1.10)
\pgfsyssoftpath@smallbuffer@items=\count199
\pgfsyssoftpath@bigbuffer@items=\count266
)
(/usr/share/texlive/texmf-dist/tex/generic/pgf/systemlayer/pgfsysprotocol.code.
tex
File: pgfsysprotocol.code.tex 2023-01-15 v3.1.10 (3.1.10)
)) (/usr/share/texlive/texmf-dist/tex/latex/xcolor/xcolor.sty
Package: xcolor 2022/06/12 v2.14 LaTeX color extensions (UK)

(/usr/share/texlive/texmf-dist/tex/latex/graphics-cfg/color.cfg
File: color.cfg 2016/01/02 v1.6 sample color configuration
)
Package xcolor Info: Driver file: pdftex.def on input line 227.

(/usr/share/texlive/texmf-dist/tex/latex/graphics/mathcolor.ltx)
Package xcolor Info: Model `cmy' substituted by `cmy0' on input line 1353.
Package xcolor Info: Model `hsb' substituted by `rgb' on input line 1357.
Package xcolor Info: Model `RGB' extended on input line 1369.
Package xcolor Info: Model `HTML' substituted by `rgb' on input line 1371.
Package xcolor Info: Model `Hsb' substituted by `hsb' on input line 1372.
Package xcolor Info: Model `tHsb' substituted by `hsb' on input line 1373.
Package xcolor Info: Model `HSB' substituted by `hsb' on input line 1374.
Package xcolor Info: Model `Gray' substituted by `gray' on input line 1375.
Package xcolor Info: Model `wave' substituted by `hsb' on input line 1376.
)
(/usr/share/texlive/texmf-dist/tex/generic/pgf/basiclayer/pgfcore.code.tex
Package: pgfcore 2023-01-15 v3.1.10 (3.1.10)

(/usr/share/texlive/texmf-dist/tex/generic/pgf/math/pgfmath.code.tex
(/usr/share/texlive/texmf-dist/tex/generic/pgf/math/pgfmathutil.code.tex)
(/usr/share/texlive/texmf-dist/tex/generic/pgf/math/pgfmathparser.code.tex
\pgfmath@dimen=\dimen155
\pgfmath@count=\count267
\pgfmath@box=\box52
\pgfmath@toks=\toks25
\pgfmath@stack@operand=\toks26
\pgfmath@stack@operation=\toks27
)
(/usr/share/texlive/texmf-dist/tex/generic/pgf/math/pgfmathfunctions.code.tex)
(/usr/share/texlive/texmf-dist/tex/generic/pgf/math/pgfmathfunctions.basic.code
.tex)
(/usr/share/texlive/texmf-dist/tex/generic/pgf/math/pgfmathfunctions.trigonomet
ric.code.tex)
(/usr/share/texlive/texmf-dist/tex/generic/pgf/math/pgfmathfunctions.random.cod
e.tex)
(/usr/share/texlive/texmf-dist/tex/generic/pgf/math/pgfmathfunctions.comparison
.code.tex)
(/usr/share/texlive/texmf-dist/tex/generic/pgf/math/pgfmathfunctions.base.code.
tex)
(/usr/share/texlive/texmf-dist/tex/generic/pgf/math/pgfmathfunctions.round.code
.tex)
(/usr/share/texlive/texmf-dist/tex/generic/pgf/math/pgfmathfunctions.misc.code.
tex)
(/usr/share/texlive/texmf-dist/tex/generic/pgf/math/pgfmathfunctions.integerari
thmetics.code.tex)
(/usr/share/texlive/texmf-dist/tex/generic/pgf/math/pgfmathcalc.code.tex)
(/usr/share/texlive/texmf-dist/tex/generic/pgf/math/pgfmathfloat.code.tex
\c@pgfmathroundto@lastzeros=\count268
))
(/usr/share/texlive/texmf-dist/tex/generic/pgf/math/pgfint.code.tex)
(/usr/share/texlive/texmf-dist/tex/generic/pgf/basiclayer/pgfcorepoints.code.te
x
File: pgfcorepoints.code.tex 2023-01-15 v3.1.10 (3.1.10)
\pgf@picminx=\dimen156
\pgf@picmaxx=\dimen157
\pgf@picminy=\dimen158
\pgf@picmaxy=\dimen159
\pgf@pathminx=\dimen160
\pgf@pathmaxx=\dimen161
\pgf@pathminy=\dimen162
\pgf@pathmaxy=\dimen163
\pgf@xx=\dimen164
\pgf@xy=\dimen165
\pgf@yx=\dimen166
\pgf@yy=\dimen167
\pgf@zx=\dimen168
\pgf@zy=\dimen169
)
(/usr/share/texlive/texmf-dist/tex/generic/pgf/basiclayer/pgfcorepathconstruct.
code.tex
File: pgfcorepathconstruct.code.tex 2023-01-15 v3.1.10 (3.1.10)
\pgf@path@lastx=\dimen170
\pgf@path@lasty=\dimen171
)
(/usr/share/texlive/texmf-dist/tex/generic/pgf/basiclayer/pgfcorepathusage.code
.tex
File: pgfcorepathusage.code.tex 2023-01-15 v3.1.10 (3.1.10)
\pgf@shorten@end@additional=\dimen172
\pgf@shorten@start@additional=\dimen173
)
(/usr/share/texlive/texmf-dist/tex/generic/pgf/basiclayer/pgfcorescopes.code.te
x
File: pgfcorescopes.code.tex 2023-01-15 v3.1.10 (3.1.10)
\pgfpic=\box53
\pgf@hbox=\box54
\pgf@layerbox@main=\box55
\pgf@picture@serial@count=\count269
)
(/usr/share/texlive/texmf-dist/tex/generic/pgf/basiclayer/pgfcoregraphicstate.c
ode.tex
File: pgfcoregraphicstate.code.tex 2023-01-15 v3.1.10 (3.1.10)
\pgflinewidth=\dimen174
)
(/usr/share/texlive/texmf-dist/tex/generic/pgf/basiclayer/pgfcoretransformation
s.code.tex
File: pgfcoretransformations.code.tex 2023-01-15 v3.1.10 (3.1.10)
\pgf@pt@x=\dimen175
\pgf@pt@y=\dimen176
\pgf@pt@temp=\dimen177
)
(/usr/share/texlive/texmf-dist/tex/generic/pgf/basiclayer/pgfcorequick.code.tex
File: pgfcorequick.code.tex 2023-01-15 v3.1.10 (3.1.10)
)
(/usr/share/texlive/texmf-dist/tex/generic/pgf/basiclayer/pgfcoreobjects.code.t
ex
File: pgfcoreobjects.code.tex 2023-01-15 v3.1.10 (3.1.10)
)
(/usr/share/texlive/texmf-dist/tex/generic/pgf/basiclayer/pgfcorepathprocessing
.code.tex
File: pgfcorepathprocessing.code.tex 2023-01-15 v3.1.10 (3.1.10)
)
(/usr/share/texlive/texmf-dist/tex/generic/pgf/basiclayer/pgfcorearrows.code.te
x
File: pgfcorearrows.code.tex 2023-01-15 v3.1.10 (3.1.10)
\pgfarrowsep=\dimen178
)
(/usr/share/texlive/texmf-dist/tex/generic/pgf/basiclayer/pgfcoreshade.code.tex
File: pgfcoreshade.code.tex 2023-01-15 v3.1.10 (3.1.10)
\pgf@max=\dimen179
\pgf@sys@shading@range@num=\count270
\pgf@shadingcount=\count271
)
(/usr/share/texlive/texmf-dist/tex/generic/pgf/basiclayer/pgfcoreimage.code.tex
File: pgfcoreimage.code.tex 2023-01-15 v3.1.10 (3.1.10)
)
(/usr/share/texlive/texmf-dist/tex/generic/pgf/basiclayer/pgfcoreexternal.code.
tex
File: pgfcoreexternal.code.tex 2023-01-15 v3.1.10 (3.1.10)
\pgfexternal@startupbox=\box56
)
(/usr/share/texlive/texmf-dist/tex/generic/pgf/basiclayer/pgfcorelayers.code.te
x
File: pgfcorelayers.code.tex 2023-01-15 v3.1.10 (3.1.10)
)
(/usr/share/texlive/texmf-dist/tex/generic/pgf/basiclayer/pgfcoretransparency.c
ode.tex
File: pgfcoretransparency.code.tex 2023-01-15 v3.1.10 (3.1.10)
)
(/usr/share/texlive/texmf-dist/tex/generic/pgf/basiclayer/pgfcorepatterns.code.
tex
File: pgfcorepatterns.code.tex 2023-01-15 v3.1.10 (3.1.10)
)
(/usr/share/texlive/texmf-dist/tex/generic/pgf/basiclayer/pgfcorerdf.code.tex
File: pgfcorerdf.code.tex 2023-01-15 v3.1.10 (3.1.10)
)))
(/usr/share/texlive/texmf-dist/tex/generic/pgf/modules/pgfmoduleshapes.code.tex
File: pgfmoduleshapes.code.tex 2023-01-15 v3.1.10 (3.1.10)
\pgfnodeparttextbox=\box57
) (/usr/share/texlive/texmf-dist/tex/generic/pgf/modules/pgfmoduleplot.code.tex
File: pgfmoduleplot.code.tex 2023-01-15 v3.1.10 (3.1.10)
)
(/usr/share/texlive/texmf-dist/tex/latex/pgf/compatibility/pgfcomp-version-0-65
.sty
Package: pgfcomp-version-0-65 2023-01-15 v3.1.10 (3.1.10)
\pgf@nodesepstart=\dimen180
\pgf@nodesepend=\dimen181
)
(/usr/share/texlive/texmf-dist/tex/latex/pgf/compatibility/pgfcomp-version-1-18
.sty
Package: pgfcomp-version-1-18 2023-01-15 v3.1.10 (3.1.10)
)) (/usr/share/texlive/texmf-dist/tex/latex/pgf/utilities/pgffor.sty
(/usr/share/texlive/texmf-dist/tex/latex/pgf/utilities/pgfkeys.sty
(/usr/share/texlive/texmf-dist/tex/generic/pgf/utilities/pgfkeys.code.tex))
(/usr/share/texlive/texmf-dist/tex/latex/pgf/math/pgfmath.sty
(/usr/share/texlive/texmf-dist/tex/generic/pgf/math/pgfmath.code.tex))
(/usr/share/texlive/texmf-dist/tex/generic/pgf/utilities/pgffor.code.tex
Package: pgffor 2023-01-15 v3.1.10 (3.1.10)
\pgffor@iter=\dimen182
\pgffor@skip=\dimen183
\pgffor@stack=\toks28
\pgffor@toks=\toks29
))
(/usr/share/texlive/texmf-dist/tex/generic/pgf/frontendlayer/tikz/tikz.code.tex
Package: tikz 2023-01-15 v3.1.10 (3.1.10)

(/usr/share/texlive/texmf-dist/tex/generic/pgf/libraries/pgflibraryplothandlers
.code.tex
File: pgflibraryplothandlers.code.tex 2023-01-15 v3.1.10 (3.1.10)
\pgf@plot@mark@count=\count272
\pgfplotmarksize=\dimen184
)
\tikz@lastx=\dimen185
\tikz@lasty=\dimen186
\tikz@lastxsaved=\dimen187
\tikz@lastysaved=\dimen188
\tikz@lastmovetox=\dimen189
\tikz@lastmovetoy=\dimen190
\tikzleveldistance=\dimen191
\tikzsiblingdistance=\dimen192
\tikz@figbox=\box58
\tikz@figbox@bg=\box59
\tikz@tempbox=\box60
\tikz@tempbox@bg=\box61
\tikztreelevel=\count273
\tikznumberofchildren=\count274
\tikznumberofcurrentchild=\count275
\tikz@fig@count=\count276

(/usr/share/texlive/texmf-dist/tex/generic/pgf/modules/pgfmodulematrix.code.tex
File: pgfmodulematrix.code.tex 2023-01-15 v3.1.10 (3.1.10)
\pgfmatrixcurrentrow=\count277
\pgfmatrixcurrentcolumn=\count278
\pgf@matrix@numberofcolumns=\count279
)
\tikz@expandcount=\count280

(/usr/share/texlive/texmf-dist/tex/generic/pgf/frontendlayer/tikz/libraries/tik
zlibrarytopaths.code.tex
File: tikzlibrarytopaths.code.tex 2023-01-15 v3.1.10 (3.1.10)
)))
(/usr/share/texlive/texmf-dist/tex/latex/everypage/everypage.sty
Package: everypage 2020/10/17 R2.0b Hooks to run on every page


Package everypage Warning: Functionality similar to this package has recently
(everypage)                been implemented in LaTeX. This package is now in
(everypage)                legacy status.
(everypage)                Please, don't use it in new documents and packages.


Package everypage Warning: You appear to be running a version of LaTeX
(everypage)                providing the new functionality.
(everypage)                Doing the best to deliver the original `everypage`
(everypage)                interface on top of it. Strict equivalence is
(everypage)                not possible, breakage may occur.
(everypage)                If truly needed, Use `everypage-1x` to force the
(everypage)                loading of an older code base.

) (/usr/share/texlive/texmf-dist/tex/latex/tools/afterpage.sty
Package: afterpage 2014/10/28 v1.08 After-Page Package (DPC)
\AP@output=\toks30
\AP@partial=\box62
\AP@footins=\box63
))
(/usr/share/texlive/texmf-dist/tex/latex/geometry/geometry.sty
Package: geometry 2020/01/02 v5.9 Page Geometry

(/usr/share/texlive/texmf-dist/tex/generic/iftex/ifvtex.sty
Package: ifvtex 2019/10/25 v1.7 ifvtex legacy package. Use iftex instead.

(/usr/share/texlive/texmf-dist/tex/generic/iftex/iftex.sty
Package: iftex 2022/02/03 v1.0f TeX engine tests
))
\Gm@cnth=\count281
\Gm@cntv=\count282
\c@Gm@tempcnt=\count283
\Gm@bindingoffset=\dimen193
\Gm@wd@mp=\dimen194
\Gm@odd@mp=\dimen195
\Gm@even@mp=\dimen196
\Gm@layoutwidth=\dimen197
\Gm@layoutheight=\dimen198
\Gm@layouthoffset=\dimen199
\Gm@layoutvoffset=\dimen256
\Gm@dimlist=\toks31
)
(/usr/share/texlive/texmf-dist/tex/latex/caption/caption.sty
Package: caption 2022/03/01 v3.6b Customizing captions (AR)

(/usr/share/texlive/texmf-dist/tex/latex/caption/caption3.sty
Package: caption3 2022/03/17 v2.3b caption3 kernel (AR)
\caption@tempdima=\dimen257
\captionmargin=\dimen258
\caption@leftmargin=\dimen259
\caption@rightmargin=\dimen260
\caption@width=\dimen261
\caption@indent=\dimen262
\caption@parindent=\dimen263
\caption@hangindent=\dimen264
Package caption Info: Standard document class detected.
)
\c@caption@flags=\count284
\c@continuedfloat=\count285
)
(/usr/share/texlive/texmf-dist/tex/latex/mathtools/mathtools.sty
Package: mathtools 2022/06/29 v1.29 mathematical typesetting tools

(/usr/share/texlive/texmf-dist/tex/latex/tools/calc.sty
Package: calc 2017/05/25 v4.3 Infix arithmetic (KKT,FJ)
\calc@Acount=\count286
\calc@Bcount=\count287
\calc@Adimen=\dimen265
\calc@Bdimen=\dimen266
\calc@Askip=\skip50
\calc@Bskip=\skip51
LaTeX Info: Redefining \setlength on input line 80.
LaTeX Info: Redefining \addtolength on input line 81.
\calc@Ccount=\count288
\calc@Cskip=\skip52
)
(/usr/share/texlive/texmf-dist/tex/latex/mathtools/mhsetup.sty
Package: mhsetup 2021/03/18 v1.4 programming setup (MH)
)
(/usr/share/texlive/texmf-dist/tex/latex/amsmath/amsmath.sty
Package: amsmath 2022/04/08 v2.17n AMS math features
\@mathmargin=\skip53

For additional information on amsmath, use the `?' option.
(/usr/share/texlive/texmf-dist/tex/latex/amsmath/amstext.sty
Package: amstext 2021/08/26 v2.01 AMS text

(/usr/share/texlive/texmf-dist/tex/latex/amsmath/amsgen.sty
File: amsgen.sty 1999/11/30 v2.0 generic functions
\@emptytoks=\toks32
\ex@=\dimen267
))
(/usr/share/texlive/texmf-dist/tex/latex/amsmath/amsbsy.sty
Package: amsbsy 1999/11/29 v1.2d Bold Symbols
\pmbraise@=\dimen268
)
(/usr/share/texlive/texmf-dist/tex/latex/amsmath/amsopn.sty
Package: amsopn 2022/04/08 v2.04 operator names
)
\inf@bad=\count289
LaTeX Info: Redefining \frac on input line 234.
\uproot@=\count290
\leftroot@=\count291
LaTeX Info: Redefining \overline on input line 399.
LaTeX Info: Redefining \colon on input line 410.
\classnum@=\count292
\DOTSCASE@=\count293
LaTeX Info: Redefining \ldots on input line 496.
LaTeX Info: Redefining \dots on input line 499.
LaTeX Info: Redefining \cdots on input line 620.
\Mathstrutbox@=\box64
\strutbox@=\box65
LaTeX Info: Redefining \big on input line 722.
LaTeX Info: Redefining \Big on input line 723.
LaTeX Info: Redefining \bigg on input line 724.
LaTeX Info: Redefining \Bigg on input line 725.
\big@size=\dimen269
LaTeX Font Info:    Redeclaring font encoding OML on input line 743.
LaTeX Font Info:    Redeclaring font encoding OMS on input line 744.
\macc@depth=\count294
LaTeX Info: Redefining \bmod on input line 905.
LaTeX Info: Redefining \pmod on input line 910.
LaTeX Info: Redefining \smash on input line 940.
LaTeX Info: Redefining \relbar on input line 970.
LaTeX Info: Redefining \Relbar on input line 971.
\c@MaxMatrixCols=\count295
\dotsspace@=\muskip16
\c@parentequation=\count296
\dspbrk@lvl=\count297
\tag@help=\toks33
\row@=\count298
\column@=\count299
\maxfields@=\count300
\andhelp@=\toks34
\eqnshift@=\dimen270
\alignsep@=\dimen271
\tagshift@=\dimen272
\tagwidth@=\dimen273
\totwidth@=\dimen274
\lineht@=\dimen275
\@envbody=\toks35
\multlinegap=\skip54
\multlinetaggap=\skip55
\mathdisplay@stack=\toks36
LaTeX Info: Redefining \[ on input line 2953.
LaTeX Info: Redefining \] on input line 2954.
)
\g_MT_multlinerow_int=\count301
\l_MT_multwidth_dim=\dimen276
\origjot=\skip56
\l_MT_shortvdotswithinadjustabove_dim=\dimen277
\l_MT_shortvdotswithinadjustbelow_dim=\dimen278
\l_MT_above_intertext_sep=\dimen279
\l_MT_below_intertext_sep=\dimen280
\l_MT_above_shortintertext_sep=\dimen281
\l_MT_below_shortintertext_sep=\dimen282
\xmathstrut@box=\box66
\xmathstrut@dim=\dimen283
)
(/usr/share/texlive/texmf-dist/tex/latex/amscls/amsthm.sty
Package: amsthm 2020/05/29 v2.20.6
\thm@style=\toks37
\thm@bodyfont=\toks38
\thm@headfont=\toks39
\thm@notefont=\toks40
\thm@headpunct=\toks41
\thm@preskip=\skip57
\thm@postskip=\skip58
\thm@headsep=\skip59
\dth@everypar=\toks42
)
(/usr/share/texlive/texmf-dist/tex/latex/amsfonts/amssymb.sty
Package: amssymb 2013/01/14 v3.01 AMS font symbols

(/usr/share/texlive/texmf-dist/tex/latex/amsfonts/amsfonts.sty
Package: amsfonts 2013/01/14 v3.01 Basic AMSFonts support
\symAMSa=\mathgroup4
\symAMSb=\mathgroup5
LaTeX Font Info:    Redeclaring math symbol \hbar on input line 98.
LaTeX Font Info:    Overwriting math alphabet `\mathfrak' in version `bold'
(Font)                  U/euf/m/n --> U/euf/b/n on input line 106.
))
(/usr/share/texlive/texmf-dist/tex/generic/babel/babel.sty
Package: babel 2022/12/26 3.84 The Babel package
\babel@savecnt=\count302
\U@D=\dimen284
\l@unhyphenated=\language87

(/usr/share/texlive/texmf-dist/tex/generic/babel/txtbabel.def)
\bbl@readstream=\read3
\bbl@dirlevel=\count303
Package babel Info: You haven't specified a language as a class or package
(babel)             option. I'll load 'nil'. Reported on input line 4406.

(/usr/share/texlive/texmf-dist/tex/generic/babel/nil.ldf
Language: nil 2022/12/26 3.84 Nil language
\l@nil=\language88
))
(/usr/share/texlive/texmf-dist/tex/latex/base/inputenc.sty
Package: inputenc 2021/02/14 v1.3d Input encoding file
\inpenc@prehook=\toks43
\inpenc@posthook=\toks44
)
(/usr/share/texlive/texmf-dist/tex/latex/hyperref/hyperref.sty
Package: hyperref 2022-11-13 v7.00u Hypertext links for LaTeX

(/usr/share/texlive/texmf-dist/tex/generic/ltxcmds/ltxcmds.sty
Package: ltxcmds 2020-05-10 v1.25 LaTeX kernel commands for general use (HO)
)
(/usr/share/texlive/texmf-dist/tex/generic/pdftexcmds/pdftexcmds.sty
Package: pdftexcmds 2020-06-27 v0.33 Utility functions of pdfTeX for LuaTeX (HO
)

(/usr/share/texlive/texmf-dist/tex/generic/infwarerr/infwarerr.sty
Package: infwarerr 2019/12/03 v1.5 Providing info/warning/error messages (HO)
)
Package pdftexcmds Info: \pdf@primitive is available.
Package pdftexcmds Info: \pdf@ifprimitive is available.
Package pdftexcmds Info: \pdfdraftmode found.
)
(/usr/share/texlive/texmf-dist/tex/latex/kvsetkeys/kvsetkeys.sty
Package: kvsetkeys 2022-10-05 v1.19 Key value parser (HO)
)
(/usr/share/texlive/texmf-dist/tex/generic/kvdefinekeys/kvdefinekeys.sty
Package: kvdefinekeys 2019-12-19 v1.6 Define keys (HO)
)
(/usr/share/texlive/texmf-dist/tex/generic/pdfescape/pdfescape.sty
Package: pdfescape 2019/12/09 v1.15 Implements pdfTeX's escape features (HO)
)
(/usr/share/texlive/texmf-dist/tex/latex/hycolor/hycolor.sty
Package: hycolor 2020-01-27 v1.10 Color options for hyperref/bookmark (HO)
)
(/usr/share/texlive/texmf-dist/tex/latex/letltxmacro/letltxmacro.sty
Package: letltxmacro 2019/12/03 v1.6 Let assignment for LaTeX macros (HO)
)
(/usr/share/texlive/texmf-dist/tex/latex/auxhook/auxhook.sty
Package: auxhook 2019-12-17 v1.6 Hooks for auxiliary files (HO)
)
(/usr/share/texlive/texmf-dist/tex/latex/hyperref/nameref.sty
Package: nameref 2022-05-17 v2.50 Cross-referencing by name of section

(/usr/share/texlive/texmf-dist/tex/latex/refcount/refcount.sty
Package: refcount 2019/12/15 v3.6 Data extraction from label references (HO)
)
(/usr/share/texlive/texmf-dist/tex/generic/gettitlestring/gettitlestring.sty
Package: gettitlestring 2019/12/15 v1.6 Cleanup title references (HO)

(/usr/share/texlive/texmf-dist/tex/latex/kvoptions/kvoptions.sty
Package: kvoptions 2022-06-15 v3.15 Key value format for package options (HO)
))
\c@section@level=\count304
)
\@linkdim=\dimen285
\Hy@linkcounter=\count305
\Hy@pagecounter=\count306

(/usr/share/texlive/texmf-dist/tex/latex/hyperref/pd1enc.def
File: pd1enc.def 2022-11-13 v7.00u Hyperref: PDFDocEncoding definition (HO)
Now handling font encoding PD1 ...
... no UTF-8 mapping file for font encoding PD1
)
(/usr/share/texlive/texmf-dist/tex/generic/intcalc/intcalc.sty
Package: intcalc 2019/12/15 v1.3 Expandable calculations with integers (HO)
)
(/usr/share/texlive/texmf-dist/tex/generic/etexcmds/etexcmds.sty
Package: etexcmds 2019/12/15 v1.7 Avoid name clashes with e-TeX commands (HO)
)
\Hy@SavedSpaceFactor=\count307

(/usr/share/texlive/texmf-dist/tex/latex/hyperref/puenc.def
File: puenc.def 2022-11-13 v7.00u Hyperref: PDF Unicode definition (HO)
Now handling font encoding PU ...
... no UTF-8 mapping file for font encoding PU
)
Package hyperref Info: Hyper figures OFF on input line 4162.
Package hyperref Info: Link nesting OFF on input line 4167.
Package hyperref Info: Hyper index ON on input line 4170.
Package hyperref Info: Plain pages OFF on input line 4177.
Package hyperref Info: Backreferencing OFF on input line 4182.
Package hyperref Info: Implicit mode ON; LaTeX internals redefined.
Package hyperref Info: Bookmarks ON on input line 4410.
\c@Hy@tempcnt=\count308

(/usr/share/texlive/texmf-dist/tex/latex/url/url.sty
\Urlmuskip=\muskip17
Package: url 2013/09/16  ver 3.4  Verb mode for urls, etc.
)
LaTeX Info: Redefining \url on input line 4748.
\XeTeXLinkMargin=\dimen286

(/usr/share/texlive/texmf-dist/tex/generic/bitset/bitset.sty
Package: bitset 2019/12/09 v1.3 Handle bit-vector datatype (HO)

(/usr/share/texlive/texmf-dist/tex/generic/bigintcalc/bigintcalc.sty
Package: bigintcalc 2019/12/15 v1.5 Expandable calculations on big integers (HO
)
))
\Fld@menulength=\count309
\Field@Width=\dimen287
\Fld@charsize=\dimen288
Package hyperref Info: Hyper figures OFF on input line 6027.
Package hyperref Info: Link nesting OFF on input line 6032.
Package hyperref Info: Hyper index ON on input line 6035.
Package hyperref Info: backreferencing OFF on input line 6042.
Package hyperref Info: Link coloring OFF on input line 6047.
Package hyperref Info: Link coloring with OCG OFF on input line 6052.
Package hyperref Info: PDF/A mode OFF on input line 6057.

(/usr/share/texlive/texmf-dist/tex/latex/base/atbegshi-ltx.sty
Package: atbegshi-ltx 2021/01/10 v1.0c Emulation of the original atbegshi
package with kernel methods
)
\Hy@abspage=\count310
\c@Item=\count311
\c@Hfootnote=\count312
)
Package hyperref Info: Driver (autodetected): hpdftex.

(/usr/share/texlive/texmf-dist/tex/latex/hyperref/hpdftex.def
File: hpdftex.def 2022-11-13 v7.00u Hyperref driver for pdfTeX

(/usr/share/texlive/texmf-dist/tex/latex/base/atveryend-ltx.sty
Package: atveryend-ltx 2020/08/19 v1.0a Emulation of the original atveryend pac
kage
with kernel methods
)
\Fld@listcount=\count313
\c@bookmark@seq@number=\count314

(/usr/share/texlive/texmf-dist/tex/latex/rerunfilecheck/rerunfilecheck.sty
Package: rerunfilecheck 2022-07-10 v1.10 Rerun checks for auxiliary files (HO)

(/usr/share/texlive/texmf-dist/tex/generic/uniquecounter/uniquecounter.sty
Package: uniquecounter 2019/12/15 v1.4 Provide unlimited unique counter (HO)
)
Package uniquecounter Info: New unique counter `rerunfilecheck' on input line 2
85.
)
\Hy@SectionHShift=\skip60
)
Package hyperref Info: Option `unicode' set `true' on input line 31.

(/usr/share/texlive/texmf-dist/tex/latex/natbib/natbib.sty
Package: natbib 2010/09/13 8.31b (PWD, AO)
\bibhang=\skip61
\bibsep=\skip62
LaTeX Info: Redefining \cite on input line 694.
\c@NAT@ctr=\count315
)
\c@theorem=\count316
\c@claim=\count317

(/usr/share/texlive/texmf-dist/tex/latex/algorithms/algorithm.sty
Package: algorithm 2009/08/24 v0.1 Document Style `algorithm' - floating enviro
nment

(/usr/share/texlive/texmf-dist/tex/latex/float/float.sty
Package: float 2001/11/08 v1.3d Float enhancements (AL)
\c@float@type=\count318
\float@exts=\toks45
\float@box=\box67
\@float@everytoks=\toks46
\@floatcapt=\box68
)
(/usr/share/texlive/texmf-dist/tex/latex/base/ifthen.sty
Package: ifthen 2022/04/13 v1.1d Standard LaTeX ifthen package (DPC)
)
\@float@every@algorithm=\toks47
\c@algorithm=\count319
)
(/usr/share/texlive/texmf-dist/tex/latex/algorithmicx/algpseudocode.sty
Package: algpseudocode 

(/usr/share/texlive/texmf-dist/tex/latex/algorithmicx/algorithmicx.sty
Package: algorithmicx 2005/04/27 v1.2 Algorithmicx

Document Style algorithmicx 1.2 - a greatly improved `algorithmic' style
\c@ALG@line=\count320
\c@ALG@rem=\count321
\c@ALG@nested=\count322
\ALG@tlm=\skip63
\ALG@thistlm=\skip64
\c@ALG@Lnr=\count323
\c@ALG@blocknr=\count324
\c@ALG@storecount=\count325
\c@ALG@tmpcounter=\count326
\ALG@tmplength=\skip65
)
Document Style - pseudocode environments for use with the `algorithmicx' style
) (/usr/share/texlive/texmf-dist/tex/latex/jknapltx/mathrsfs.sty
Package: mathrsfs 1996/01/01 Math RSFS package v1.0 (jk)
\symrsfs=\mathgroup6
)
(/usr/share/texlive/texmf-dist/tex/latex/lipsum/lipsum.sty
(/usr/share/texlive/texmf-dist/tex/latex/l3packages/l3keys2e/l3keys2e.sty
(/usr/share/texlive/texmf-dist/tex/latex/l3kernel/expl3.sty
Package: expl3 2023-01-16 L3 programming layer (loader) 

(/usr/share/texlive/texmf-dist/tex/latex/l3backend/l3backend-pdftex.def
File: l3backend-pdftex.def 2023-01-16 L3 backend support: PDF output (pdfTeX)
\l__color_backend_stack_int=\count327
\l__pdf_internal_box=\box69
))
Package: l3keys2e 2023-01-16 LaTeX2e option processing using LaTeX3 keys
)
Package: lipsum 2021-09-20 v2.7 150 paragraphs of Lorem Ipsum dummy text
\g__lipsum_par_int=\count328
\l__lipsum_a_int=\count329
\l__lipsum_b_int=\count330

(/usr/share/texlive/texmf-dist/tex/latex/lipsum/lipsum.ltd.tex)) (./main.aux)
\openout1 = `main.aux'.

LaTeX Font Info:    Checking defaults for OML/cmm/m/it on input line 81.
LaTeX Font Info:    ... okay on input line 81.
LaTeX Font Info:    Checking defaults for OMS/cmsy/m/n on input line 81.
LaTeX Font Info:    ... okay on input line 81.
LaTeX Font Info:    Checking defaults for OT1/cmr/m/n on input line 81.
LaTeX Font Info:    ... okay on input line 81.
LaTeX Font Info:    Checking defaults for T1/cmr/m/n on input line 81.
LaTeX Font Info:    ... okay on input line 81.
LaTeX Font Info:    Checking defaults for TS1/cmr/m/n on input line 81.
LaTeX Font Info:    ... okay on input line 81.
LaTeX Font Info:    Checking defaults for OMX/cmex/m/n on input line 81.
LaTeX Font Info:    ... okay on input line 81.
LaTeX Font Info:    Checking defaults for U/cmr/m/n on input line 81.
LaTeX Font Info:    ... okay on input line 81.
LaTeX Font Info:    Checking defaults for PD1/pdf/m/n on input line 81.
LaTeX Font Info:    ... okay on input line 81.
LaTeX Font Info:    Checking defaults for PU/pdf/m/n on input line 81.
LaTeX Font Info:    ... okay on input line 81.

(/usr/share/texlive/texmf-dist/tex/context/base/mkii/supp-pdf.mkii
[Loading MPS to PDF converter (version 2006.09.02).]
\scratchcounter=\count331
\scratchdimen=\dimen289
\scratchbox=\box70
\nofMPsegments=\count332
\nofMParguments=\count333
\everyMPshowfont=\toks48
\MPscratchCnt=\count334
\MPscratchDim=\dimen290
\MPnumerator=\count335
\makeMPintoPDFobject=\count336
\everyMPtoPDFconversion=\toks49
) (/usr/share/texlive/texmf-dist/tex/latex/epstopdf-pkg/epstopdf-base.sty
Package: epstopdf-base 2020-01-24 v2.11 Base part for package epstopdf
Package epstopdf-base Info: Redefining graphics rule for `.eps' on input line 4
85.

(/usr/share/texlive/texmf-dist/tex/latex/latexconfig/epstopdf-sys.cfg
File: epstopdf-sys.cfg 2010/07/13 v1.3 Configuration of (r)epstopdf for TeX Liv
e
))
*geometry* driver: auto-detecting
*geometry* detected driver: pdftex
*geometry* verbose mode - [ preamble ] result:
* driver: pdftex
* paper: a4paper
* layout: <same size as paper>
* layoutoffset:(h,v)=(0.0pt,0.0pt)
* modes: 
* h-part:(L,W,R)=(72.26999pt, 452.9679pt, 72.26999pt)
* v-part:(T,H,B)=(72.26999pt, 700.50687pt, 72.26999pt)
* \paperwidth=597.50787pt
* \paperheight=845.04684pt
* \textwidth=452.9679pt
* \textheight=700.50687pt
* \oddsidemargin=0.0pt
* \evensidemargin=0.0pt
* \topmargin=-37.0pt
* \headheight=12.0pt
* \headsep=25.0pt
* \topskip=10.0pt
* \footskip=30.0pt
* \marginparwidth=57.0pt
* \marginparsep=11.0pt
* \columnsep=10.0pt
* \skip\footins=9.0pt plus 4.0pt minus 2.0pt
* \hoffset=0.0pt
* \voffset=0.0pt
* \mag=1000
* \@twocolumnfalse
* \@twosidefalse
* \@mparswitchfalse
* \@reversemarginfalse
* (1in=72.27pt=25.4mm, 1cm=28.453pt)

Package caption Info: Begin \AtBeginDocument code.
Package caption Info: float package is loaded.
Package caption Info: hyperref package is loaded.
Package caption Info: End \AtBeginDocument code.
Package hyperref Info: Link coloring OFF on input line 81.
(./main.out) (./main.out)
\@outlinefile=\write4
\openout4 = `main.out'.

LaTeX Font Info:    Trying to load font information for U+msa on input line 83.


(/usr/share/texlive/texmf-dist/tex/latex/amsfonts/umsa.fd
File: umsa.fd 2013/01/14 v3.01 AMS symbols A
)
LaTeX Font Info:    Trying to load font information for U+msb on input line 83.


(/usr/share/texlive/texmf-dist/tex/latex/amsfonts/umsb.fd
File: umsb.fd 2013/01/14 v3.01 AMS symbols B
)
LaTeX Font Info:    Trying to load font information for U+rsfs on input line 83
.

(/usr/share/texlive/texmf-dist/tex/latex/jknapltx/ursfs.fd
File: ursfs.fd 1998/03/24 rsfs font definition file (jk)
)
Underfull \hbox (badness 10000) in paragraph at lines 86--88

 []


Underfull \hbox (badness 10000) in paragraph at lines 97--98

 []


Underfull \hbox (badness 10000) in paragraph at lines 99--100

 []


Underfull \hbox (badness 10000) in paragraph at lines 102--103

 []


Underfull \hbox (badness 10000) in paragraph at lines 104--105

 []


Underfull \hbox (badness 10000) in paragraph at lines 106--107

 []


Underfull \hbox (badness 10000) in paragraph at lines 108--109

 []

[1{/var/lib/texmf/fonts/map/pdftex/updmap/pdftex.map}

]
Underfull \hbox (badness 10000) in paragraph at lines 110--111

 []

Package epstopdf Info: Source file: <fig/ip_2015-03-15_2015-03-19.eps>
(epstopdf)                    date: 2025-02-28 17:00:56
(epstopdf)                    size: 397479 bytes
(epstopdf)             Output file: <fig/ip_2015-03-15_2015-03-19-eps-converted
-to.pdf>
(epstopdf)                    date: 2025-02-28 17:01:37
(epstopdf)                    size: 296925 bytes
(epstopdf)             Command: <repstopdf --outfile=fig/ip_2015-03-15_2015-03-
19-eps-converted-to.pdf fig/ip_2015-03-15_2015-03-19.eps>
(epstopdf)             \includegraphics on input line 114.
Package epstopdf Info: Output file is already uptodate.
<fig/ip_2015-03-15_2015-03-19-eps-converted-to.pdf, id=90, 722.7pt x 722.7pt>
File: fig/ip_2015-03-15_2015-03-19-eps-converted-to.pdf Graphic file (type pdf)

<use fig/ip_2015-03-15_2015-03-19-eps-converted-to.pdf>
Package pdftex.def Info: fig/ip_2015-03-15_2015-03-19-eps-converted-to.pdf  use
d on input line 114.
(pdftex.def)             Requested size: 407.66833pt x 407.66461pt.

Overfull \hbox (10.36627pt too wide) in paragraph at lines 132--133
[]\OT1/cmr/m/n/10 Although the distance between each Obs presents a limitation 
for analyzing the longitudinal development
 []


Overfull \hbox (16.07466pt too wide) in paragraph at lines 136--152
[][]
 []

Package epstopdf Info: Source file: <fig/map.eps>
(epstopdf)                    date: 2025-02-28 17:16:15
(epstopdf)                    size: 90378 bytes
(epstopdf)             Output file: <fig/map-eps-converted-to.pdf>
(epstopdf)                    date: 2025-02-28 17:16:32
(epstopdf)                    size: 71316 bytes
(epstopdf)             Command: <repstopdf --outfile=fig/map-eps-converted-to.p
df fig/map.eps>
(epstopdf)             \includegraphics on input line 157.
Package epstopdf Info: Output file is already uptodate.
<fig/map-eps-converted-to.pdf, id=93, 1156.32pt x 722.7pt>
File: fig/map-eps-converted-to.pdf Graphic file (type pdf)
<use fig/map-eps-converted-to.pdf>
Package pdftex.def Info: fig/map-eps-converted-to.pdf  used on input line 157.
(pdftex.def)             Requested size: 317.07614pt x 198.16417pt.

Underfull \hbox (badness 10000) in paragraph at lines 173--174

 []

[2] [3 <./fig/ip_2015-03-15_2015-03-19-eps-converted-to.pdf>]
Underfull \hbox (badness 10000) in paragraph at lines 182--183

 []


Underfull \hbox (badness 10000) in paragraph at lines 186--187

 []


Underfull \hbox (badness 10000) in paragraph at lines 195--196

 []

[4 <./fig/map-eps-converted-to.pdf>]
Underfull \hbox (badness 10000) in paragraph at lines 205--206

 []


Overfull \hbox (4.03249pt too wide) in paragraph at lines 215--216
[]\OT1/cmr/m/n/10 Having the wavelet spectrum $\OMS/cmsy/m/n/10 j\OML/cmm/m/it/
10  []\OT1/cmr/m/n/10 (\OML/cmm/m/it/10 n\OT1/cmr/m/n/10 )\OMS/cmsy/m/n/10 j[]$
 \OT1/cmr/m/n/10 which give us the power of the signals and $\OML/cmm/m/it/10 
 \OMS/cmsy/m/n/10 ^^A \OML/cmm/m/it/10 anticorr\OT1/cmr/m/n/10 (\OML/cmm/m/it/1
0 semblance\OT1/cmr/m/n/10 )$
 []


Underfull \hbox (badness 10000) in paragraph at lines 220--221

 []


Underfull \hbox (badness 10000) in paragraph at lines 225--226

 []


Underfull \hbox (badness 10000) in paragraph at lines 227--228

 []


Underfull \hbox (badness 10000) in paragraph at lines 229--230

 []

[5]
Underfull \hbox (badness 10000) in paragraph at lines 231--232

 []


Underfull \hbox (badness 10000) in paragraph at lines 233--234

 []

Package epstopdf Info: Source file: <fig/magdata/gui_2015-03-15_2015-03-28.eps>

(epstopdf)                    date: 2025-03-05 14:24:22
(epstopdf)                    size: 821927 bytes
(epstopdf)             Output file: <fig/magdata/gui_2015-03-15_2015-03-28-eps-
converted-to.pdf>
(epstopdf)                    date: 2025-03-05 14:32:06
(epstopdf)                    size: 572172 bytes
(epstopdf)             Command: <repstopdf --outfile=fig/magdata/gui_2015-03-15
_2015-03-28-eps-converted-to.pdf fig/magdata/gui_2015-03-15_2015-03-28.eps>
(epstopdf)             \includegraphics on input line 238.
Package epstopdf Info: Output file is already uptodate.
<fig/magdata/gui_2015-03-15_2015-03-28-eps-converted-to.pdf, id=185, 722.7pt x 
433.62pt>
File: fig/magdata/gui_2015-03-15_2015-03-28-eps-converted-to.pdf Graphic file (
type pdf)
<use fig/magdata/gui_2015-03-15_2015-03-28-eps-converted-to.pdf>
Package pdftex.def Info: fig/magdata/gui_2015-03-15_2015-03-28-eps-converted-to
.pdf  used on input line 238.
(pdftex.def)             Requested size: 199.16928pt x 119.5006pt.
Package epstopdf Info: Source file: <fig/magdata/tam_2015-03-15_2015-03-28.eps>

(epstopdf)                    date: 2025-03-05 14:24:30
(epstopdf)                    size: 823094 bytes
(epstopdf)             Output file: <fig/magdata/tam_2015-03-15_2015-03-28-eps-
converted-to.pdf>
(epstopdf)                    date: 2025-03-05 14:32:06
(epstopdf)                    size: 578244 bytes
(epstopdf)             Command: <repstopdf --outfile=fig/magdata/tam_2015-03-15
_2015-03-28-eps-converted-to.pdf fig/magdata/tam_2015-03-15_2015-03-28.eps>
(epstopdf)             \includegraphics on input line 239.
Package epstopdf Info: Output file is already uptodate.
<fig/magdata/tam_2015-03-15_2015-03-28-eps-converted-to.pdf, id=186, 722.7pt x 
433.62pt>
File: fig/magdata/tam_2015-03-15_2015-03-28-eps-converted-to.pdf Graphic file (
type pdf)
<use fig/magdata/tam_2015-03-15_2015-03-28-eps-converted-to.pdf>
Package pdftex.def Info: fig/magdata/tam_2015-03-15_2015-03-28-eps-converted-to
.pdf  used on input line 239.
(pdftex.def)             Requested size: 199.16928pt x 119.5006pt.
Package epstopdf Info: Source file: <fig/magdata/jai_2015-03-15_2015-03-28.eps>

(epstopdf)                    date: 2025-03-05 14:24:38
(epstopdf)                    size: 823157 bytes
(epstopdf)             Output file: <fig/magdata/jai_2015-03-15_2015-03-28-eps-
converted-to.pdf>
(epstopdf)                    date: 2025-03-05 14:32:07
(epstopdf)                    size: 583910 bytes
(epstopdf)             Command: <repstopdf --outfile=fig/magdata/jai_2015-03-15
_2015-03-28-eps-converted-to.pdf fig/magdata/jai_2015-03-15_2015-03-28.eps>
(epstopdf)             \includegraphics on input line 240.
Package epstopdf Info: Output file is already uptodate.
<fig/magdata/jai_2015-03-15_2015-03-28-eps-converted-to.pdf, id=187, 722.7pt x 
433.62pt>
File: fig/magdata/jai_2015-03-15_2015-03-28-eps-converted-to.pdf Graphic file (
type pdf)
<use fig/magdata/jai_2015-03-15_2015-03-28-eps-converted-to.pdf>
Package pdftex.def Info: fig/magdata/jai_2015-03-15_2015-03-28-eps-converted-to
.pdf  used on input line 240.
(pdftex.def)             Requested size: 199.16928pt x 119.5006pt.
Package epstopdf Info: Source file: <fig/magdata/lzh_2015-03-15_2015-03-28.eps>

(epstopdf)                    date: 2025-03-05 14:31:03
(epstopdf)                    size: 824728 bytes
(epstopdf)             Output file: <fig/magdata/lzh_2015-03-15_2015-03-28-eps-
converted-to.pdf>
(epstopdf)                    date: 2025-03-05 14:32:08
(epstopdf)                    size: 578650 bytes
(epstopdf)             Command: <repstopdf --outfile=fig/magdata/lzh_2015-03-15
_2015-03-28-eps-converted-to.pdf fig/magdata/lzh_2015-03-15_2015-03-28.eps>
(epstopdf)             \includegraphics on input line 241.
Package epstopdf Info: Output file is already uptodate.
<fig/magdata/lzh_2015-03-15_2015-03-28-eps-converted-to.pdf, id=188, 722.7pt x 
433.62pt>
File: fig/magdata/lzh_2015-03-15_2015-03-28-eps-converted-to.pdf Graphic file (
type pdf)
<use fig/magdata/lzh_2015-03-15_2015-03-28-eps-converted-to.pdf>
Package pdftex.def Info: fig/magdata/lzh_2015-03-15_2015-03-28-eps-converted-to
.pdf  used on input line 241.
(pdftex.def)             Requested size: 199.16928pt x 119.5006pt.
Package epstopdf Info: Source file: <fig/magdata/bmt_2015-03-15_2015-03-28.eps>

(epstopdf)                    date: 2025-03-05 14:31:08
(epstopdf)                    size: 827270 bytes
(epstopdf)             Output file: <fig/magdata/bmt_2015-03-15_2015-03-28-eps-
converted-to.pdf>
(epstopdf)                    date: 2025-03-05 14:32:08
(epstopdf)                    size: 582539 bytes
(epstopdf)             Command: <repstopdf --outfile=fig/magdata/bmt_2015-03-15
_2015-03-28-eps-converted-to.pdf fig/magdata/bmt_2015-03-15_2015-03-28.eps>
(epstopdf)             \includegraphics on input line 242.
Package epstopdf Info: Output file is already uptodate.
<fig/magdata/bmt_2015-03-15_2015-03-28-eps-converted-to.pdf, id=189, 722.7pt x 
433.62pt>
File: fig/magdata/bmt_2015-03-15_2015-03-28-eps-converted-to.pdf Graphic file (
type pdf)
<use fig/magdata/bmt_2015-03-15_2015-03-28-eps-converted-to.pdf>
Package pdftex.def Info: fig/magdata/bmt_2015-03-15_2015-03-28-eps-converted-to
.pdf  used on input line 242.
(pdftex.def)             Requested size: 199.16928pt x 119.5006pt.
Package epstopdf Info: Source file: <fig/magdata/cyg_2015-03-15_2015-03-28.eps>

(epstopdf)                    date: 2025-03-05 14:31:18
(epstopdf)                    size: 821419 bytes
(epstopdf)             Output file: <fig/magdata/cyg_2015-03-15_2015-03-28-eps-
converted-to.pdf>
(epstopdf)                    date: 2025-03-05 14:32:09
(epstopdf)                    size: 576395 bytes
(epstopdf)             Command: <repstopdf --outfile=fig/magdata/cyg_2015-03-15
_2015-03-28-eps-converted-to.pdf fig/magdata/cyg_2015-03-15_2015-03-28.eps>
(epstopdf)             \includegraphics on input line 243.
Package epstopdf Info: Output file is already uptodate.
<fig/magdata/cyg_2015-03-15_2015-03-28-eps-converted-to.pdf, id=190, 722.7pt x 
433.62pt>
File: fig/magdata/cyg_2015-03-15_2015-03-28-eps-converted-to.pdf Graphic file (
type pdf)
<use fig/magdata/cyg_2015-03-15_2015-03-28-eps-converted-to.pdf>
Package pdftex.def Info: fig/magdata/cyg_2015-03-15_2015-03-28-eps-converted-to
.pdf  used on input line 243.
(pdftex.def)             Requested size: 199.16928pt x 119.5006pt.
Package epstopdf Info: Source file: <fig/magdata/kak_2015-03-15_2015-03-28.eps>

(epstopdf)                    date: 2025-03-05 14:31:30
(epstopdf)                    size: 820060 bytes
(epstopdf)             Output file: <fig/magdata/kak_2015-03-15_2015-03-28-eps-
converted-to.pdf>
(epstopdf)                    date: 2025-03-05 14:32:10
(epstopdf)                    size: 569168 bytes
(epstopdf)             Command: <repstopdf --outfile=fig/magdata/kak_2015-03-15
_2015-03-28-eps-converted-to.pdf fig/magdata/kak_2015-03-15_2015-03-28.eps>
(epstopdf)             \includegraphics on input line 244.
Package epstopdf Info: Output file is already uptodate.
<fig/magdata/kak_2015-03-15_2015-03-28-eps-converted-to.pdf, id=191, 722.7pt x 
433.62pt>
File: fig/magdata/kak_2015-03-15_2015-03-28-eps-converted-to.pdf Graphic file (
type pdf)
<use fig/magdata/kak_2015-03-15_2015-03-28-eps-converted-to.pdf>
Package pdftex.def Info: fig/magdata/kak_2015-03-15_2015-03-28-eps-converted-to
.pdf  used on input line 244.
(pdftex.def)             Requested size: 199.16928pt x 119.5006pt.
Package epstopdf Info: Source file: <fig/magdata/hon_2015-03-15_2015-03-28.eps>

(epstopdf)                    date: 2025-03-05 14:22:54
(epstopdf)                    size: 816910 bytes
(epstopdf)             Output file: <fig/magdata/hon_2015-03-15_2015-03-28-eps-
converted-to.pdf>
(epstopdf)                    date: 2025-03-05 14:32:11
(epstopdf)                    size: 565428 bytes
(epstopdf)             Command: <repstopdf --outfile=fig/magdata/hon_2015-03-15
_2015-03-28-eps-converted-to.pdf fig/magdata/hon_2015-03-15_2015-03-28.eps>
(epstopdf)             \includegraphics on input line 245.
Package epstopdf Info: Output file is already uptodate.
<fig/magdata/hon_2015-03-15_2015-03-28-eps-converted-to.pdf, id=192, 722.7pt x 
433.62pt>
File: fig/magdata/hon_2015-03-15_2015-03-28-eps-converted-to.pdf Graphic file (
type pdf)
<use fig/magdata/hon_2015-03-15_2015-03-28-eps-converted-to.pdf>
Package pdftex.def Info: fig/magdata/hon_2015-03-15_2015-03-28-eps-converted-to
.pdf  used on input line 245.
(pdftex.def)             Requested size: 199.16928pt x 119.5006pt.
Package epstopdf Info: Source file: <fig/magdata/teo_2015-03-15_2015-03-28.eps>

(epstopdf)                    date: 2025-03-05 14:23:58
(epstopdf)                    size: 823949 bytes
(epstopdf)             Output file: <fig/magdata/teo_2015-03-15_2015-03-28-eps-
converted-to.pdf>
(epstopdf)                    date: 2025-03-05 14:32:11
(epstopdf)                    size: 596161 bytes
(epstopdf)             Command: <repstopdf --outfile=fig/magdata/teo_2015-03-15
_2015-03-28-eps-converted-to.pdf fig/magdata/teo_2015-03-15_2015-03-28.eps>
(epstopdf)             \includegraphics on input line 246.
Package epstopdf Info: Output file is already uptodate.
<fig/magdata/teo_2015-03-15_2015-03-28-eps-converted-to.pdf, id=193, 722.7pt x 
433.62pt>
File: fig/magdata/teo_2015-03-15_2015-03-28-eps-converted-to.pdf Graphic file (
type pdf)
<use fig/magdata/teo_2015-03-15_2015-03-28-eps-converted-to.pdf>
Package pdftex.def Info: fig/magdata/teo_2015-03-15_2015-03-28-eps-converted-to
.pdf  used on input line 246.
(pdftex.def)             Requested size: 199.16928pt x 119.5006pt.
Package epstopdf Info: Source file: <fig/magdata/sjg_2015-03-15_2015-03-28.eps>

(epstopdf)                    date: 2025-03-05 14:24:12
(epstopdf)                    size: 816624 bytes
(epstopdf)             Output file: <fig/magdata/sjg_2015-03-15_2015-03-28-eps-
converted-to.pdf>
(epstopdf)                    date: 2025-03-05 14:32:12
(epstopdf)                    size: 566866 bytes
(epstopdf)             Command: <repstopdf --outfile=fig/magdata/sjg_2015-03-15
_2015-03-28-eps-converted-to.pdf fig/magdata/sjg_2015-03-15_2015-03-28.eps>
(epstopdf)             \includegraphics on input line 247.
Package epstopdf Info: Output file is already uptodate.
<fig/magdata/sjg_2015-03-15_2015-03-28-eps-converted-to.pdf, id=194, 722.7pt x 
433.62pt>
File: fig/magdata/sjg_2015-03-15_2015-03-28-eps-converted-to.pdf Graphic file (
type pdf)
<use fig/magdata/sjg_2015-03-15_2015-03-28-eps-converted-to.pdf>
Package pdftex.def Info: fig/magdata/sjg_2015-03-15_2015-03-28-eps-converted-to
.pdf  used on input line 247.
(pdftex.def)             Requested size: 199.16928pt x 119.5006pt.

Underfull \hbox (badness 10000) in paragraph at lines 252--253

 []


Underfull \hbox (badness 10000) in paragraph at lines 254--255

 []


Underfull \hbox (badness 10000) in paragraph at lines 256--257

 []


Underfull \hbox (badness 10000) in paragraph at lines 258--259

 []


Underfull \hbox (badness 10000) in paragraph at lines 260--261

 []


Underfull \hbox (badness 10000) in paragraph at lines 262--263

 []


Package hyperref Warning: Token not allowed in a PDF string (Unicode):
(hyperref)                removing `math shift' on input line 268.


Package hyperref Warning: Token not allowed in a PDF string (Unicode):
(hyperref)                removing `subscript' on input line 268.


Package hyperref Warning: Token not allowed in a PDF string (Unicode):
(hyperref)                removing `math shift' on input line 268.


Package hyperref Warning: Token not allowed in a PDF string (Unicode):
(hyperref)                removing `math shift' on input line 268.


Package hyperref Warning: Token not allowed in a PDF string (Unicode):
(hyperref)                removing `subscript' on input line 268.


Package hyperref Warning: Token not allowed in a PDF string (Unicode):
(hyperref)                removing `math shift' on input line 268.


Underfull \hbox (badness 10000) in paragraph at lines 270--271

 []

[6] [7 <./fig/magdata/gui_2015-03-15_2015-03-28-eps-converted-to.pdf> <./fig/ma
gdata/tam_2015-03-15_2015-03-28-eps-converted-to.pdf> <./fig/magdata/jai_2015-0
3-15_2015-03-28-eps-converted-to.pdf> <./fig/magdata/lzh_2015-03-15_2015-03-28-
eps-converted-to.pdf> <./fig/magdata/bmt_2015-03-15_2015-03-28-eps-converted-to
.pdf> <./fig/magdata/cyg_2015-03-15_2015-03-28-eps-converted-to.pdf> <./fig/mag
data/kak_2015-03-15_2015-03-28-eps-converted-to.pdf> <./fig/magdata/hon_2015-03
-15_2015-03-28-eps-converted-to.pdf> <./fig/magdata/teo_2015-03-15_2015-03-28-e
ps-converted-to.pdf> <./fig/magdata/sjg_2015-03-15_2015-03-28-eps-converted-to.
pdf>]
Underfull \hbox (badness 10000) in paragraph at lines 272--273

 []


Underfull \hbox (badness 10000) in paragraph at lines 274--275

 []


Underfull \hbox (badness 10000) in paragraph at lines 277--278

 []


Underfull \hbox (badness 10000) in paragraph at lines 279--280

 []


Underfull \hbox (badness 10000) in paragraph at lines 281--282

 []


Underfull \hbox (badness 10000) in paragraph at lines 283--284

 []


Underfull \hbox (badness 10000) in paragraph at lines 288--290

 []

[8]
Underfull \hbox (badness 10000) in paragraph at lines 291--292

 []


Underfull \hbox (badness 10000) in paragraph at lines 293--294

 []


Underfull \hbox (badness 10000) in paragraph at lines 295--296

 []


Underfull \hbox (badness 10000) in paragraph at lines 297--298

 []

Package epstopdf Info: Source file: <fig/diono_recons/gui_2015-03-15_2015-03-28
.eps>
(epstopdf)                    date: 2025-03-18 17:40:35
(epstopdf)                    size: 279157 bytes
(epstopdf)             Output file: <fig/diono_recons/gui_2015-03-15_2015-03-28
-eps-converted-to.pdf>
(epstopdf)                    date: 2025-03-19 08:53:55
(epstopdf)                    size: 220453 bytes
(epstopdf)             Command: <repstopdf --outfile=fig/diono_recons/gui_2015-
03-15_2015-03-28-eps-converted-to.pdf fig/diono_recons/gui_2015-03-15_2015-03-2
8.eps>
(epstopdf)             \includegraphics on input line 302.
Package epstopdf Info: Output file is already uptodate.
<fig/diono_recons/gui_2015-03-15_2015-03-28-eps-converted-to.pdf, id=313, 722.7
pt x 289.08pt>
File: fig/diono_recons/gui_2015-03-15_2015-03-28-eps-converted-to.pdf Graphic f
ile (type pdf)
<use fig/diono_recons/gui_2015-03-15_2015-03-28-eps-converted-to.pdf>
Package pdftex.def Info: fig/diono_recons/gui_2015-03-15_2015-03-28-eps-convert
ed-to.pdf  used on input line 302.
(pdftex.def)             Requested size: 199.16928pt x 79.66705pt.
Package epstopdf Info: Source file: <fig/diono_recons/tam_2015-03-15_2015-03-28
.eps>
(epstopdf)                    date: 2025-03-18 17:41:13
(epstopdf)                    size: 278425 bytes
(epstopdf)             Output file: <fig/diono_recons/tam_2015-03-15_2015-03-28
-eps-converted-to.pdf>
(epstopdf)                    date: 2025-03-19 08:53:55
(epstopdf)                    size: 213886 bytes
(epstopdf)             Command: <repstopdf --outfile=fig/diono_recons/tam_2015-
03-15_2015-03-28-eps-converted-to.pdf fig/diono_recons/tam_2015-03-15_2015-03-2
8.eps>
(epstopdf)             \includegraphics on input line 303.
Package epstopdf Info: Output file is already uptodate.
<fig/diono_recons/tam_2015-03-15_2015-03-28-eps-converted-to.pdf, id=314, 722.7
pt x 289.08pt>
File: fig/diono_recons/tam_2015-03-15_2015-03-28-eps-converted-to.pdf Graphic f
ile (type pdf)
<use fig/diono_recons/tam_2015-03-15_2015-03-28-eps-converted-to.pdf>
Package pdftex.def Info: fig/diono_recons/tam_2015-03-15_2015-03-28-eps-convert
ed-to.pdf  used on input line 303.
(pdftex.def)             Requested size: 199.16928pt x 79.66705pt.
Package epstopdf Info: Source file: <fig/diono_recons/jai_2015-03-15_2015-03-28
.eps>
(epstopdf)                    date: 2025-03-18 17:32:44
(epstopdf)                    size: 278219 bytes
(epstopdf)             Output file: <fig/diono_recons/jai_2015-03-15_2015-03-28
-eps-converted-to.pdf>
(epstopdf)                    date: 2025-03-19 08:53:56
(epstopdf)                    size: 214853 bytes
(epstopdf)             Command: <repstopdf --outfile=fig/diono_recons/jai_2015-
03-15_2015-03-28-eps-converted-to.pdf fig/diono_recons/jai_2015-03-15_2015-03-2
8.eps>
(epstopdf)             \includegraphics on input line 304.
Package epstopdf Info: Output file is already uptodate.
<fig/diono_recons/jai_2015-03-15_2015-03-28-eps-converted-to.pdf, id=315, 722.7
pt x 289.08pt>
File: fig/diono_recons/jai_2015-03-15_2015-03-28-eps-converted-to.pdf Graphic f
ile (type pdf)
<use fig/diono_recons/jai_2015-03-15_2015-03-28-eps-converted-to.pdf>
Package pdftex.def Info: fig/diono_recons/jai_2015-03-15_2015-03-28-eps-convert
ed-to.pdf  used on input line 304.
(pdftex.def)             Requested size: 199.16928pt x 79.66705pt.
Package epstopdf Info: Source file: <fig/diono_recons/lzh_2015-03-15_2015-03-28
.eps>
(epstopdf)                    date: 2025-03-18 17:33:09
(epstopdf)                    size: 278725 bytes
(epstopdf)             Output file: <fig/diono_recons/lzh_2015-03-15_2015-03-28
-eps-converted-to.pdf>
(epstopdf)                    date: 2025-03-19 08:53:56
(epstopdf)                    size: 213932 bytes
(epstopdf)             Command: <repstopdf --outfile=fig/diono_recons/lzh_2015-
03-15_2015-03-28-eps-converted-to.pdf fig/diono_recons/lzh_2015-03-15_2015-03-2
8.eps>
(epstopdf)             \includegraphics on input line 305.
Package epstopdf Info: Output file is already uptodate.
<fig/diono_recons/lzh_2015-03-15_2015-03-28-eps-converted-to.pdf, id=316, 722.7
pt x 289.08pt>
File: fig/diono_recons/lzh_2015-03-15_2015-03-28-eps-converted-to.pdf Graphic f
ile (type pdf)
<use fig/diono_recons/lzh_2015-03-15_2015-03-28-eps-converted-to.pdf>
Package pdftex.def Info: fig/diono_recons/lzh_2015-03-15_2015-03-28-eps-convert
ed-to.pdf  used on input line 305.
(pdftex.def)             Requested size: 199.16928pt x 79.66705pt.
Package epstopdf Info: Source file: <fig/diono_recons/bmt_2015-03-15_2015-03-28
.eps>
(epstopdf)                    date: 2025-03-18 17:33:40
(epstopdf)                    size: 278696 bytes
(epstopdf)             Output file: <fig/diono_recons/bmt_2015-03-15_2015-03-28
-eps-converted-to.pdf>
(epstopdf)                    date: 2025-03-19 08:53:56
(epstopdf)                    size: 212356 bytes
(epstopdf)             Command: <repstopdf --outfile=fig/diono_recons/bmt_2015-
03-15_2015-03-28-eps-converted-to.pdf fig/diono_recons/bmt_2015-03-15_2015-03-2
8.eps>
(epstopdf)             \includegraphics on input line 306.
Package epstopdf Info: Output file is already uptodate.
<fig/diono_recons/bmt_2015-03-15_2015-03-28-eps-converted-to.pdf, id=317, 722.7
pt x 289.08pt>
File: fig/diono_recons/bmt_2015-03-15_2015-03-28-eps-converted-to.pdf Graphic f
ile (type pdf)
<use fig/diono_recons/bmt_2015-03-15_2015-03-28-eps-converted-to.pdf>
Package pdftex.def Info: fig/diono_recons/bmt_2015-03-15_2015-03-28-eps-convert
ed-to.pdf  used on input line 306.
(pdftex.def)             Requested size: 199.16928pt x 79.66705pt.
Package epstopdf Info: Source file: <fig/diono_recons/cyg_2015-03-15_2015-03-28
.eps>
(epstopdf)                    date: 2025-03-18 17:36:05
(epstopdf)                    size: 277976 bytes
(epstopdf)             Output file: <fig/diono_recons/cyg_2015-03-15_2015-03-28
-eps-converted-to.pdf>
(epstopdf)                    date: 2025-03-19 08:53:57
(epstopdf)                    size: 212158 bytes
(epstopdf)             Command: <repstopdf --outfile=fig/diono_recons/cyg_2015-
03-15_2015-03-28-eps-converted-to.pdf fig/diono_recons/cyg_2015-03-15_2015-03-2
8.eps>
(epstopdf)             \includegraphics on input line 307.
Package epstopdf Info: Output file is already uptodate.
<fig/diono_recons/cyg_2015-03-15_2015-03-28-eps-converted-to.pdf, id=318, 722.7
pt x 289.08pt>
File: fig/diono_recons/cyg_2015-03-15_2015-03-28-eps-converted-to.pdf Graphic f
ile (type pdf)
<use fig/diono_recons/cyg_2015-03-15_2015-03-28-eps-converted-to.pdf>
Package pdftex.def Info: fig/diono_recons/cyg_2015-03-15_2015-03-28-eps-convert
ed-to.pdf  used on input line 307.
(pdftex.def)             Requested size: 199.16928pt x 79.66705pt.
Package epstopdf Info: Source file: <fig/diono_recons/kak_2015-03-15_2015-03-28
.eps>
(epstopdf)                    date: 2025-03-18 17:32:11
(epstopdf)                    size: 275396 bytes
(epstopdf)             Output file: <fig/diono_recons/kak_2015-03-15_2015-03-28
-eps-converted-to.pdf>
(epstopdf)                    date: 2025-03-19 08:53:57
(epstopdf)                    size: 204270 bytes
(epstopdf)             Command: <repstopdf --outfile=fig/diono_recons/kak_2015-
03-15_2015-03-28-eps-converted-to.pdf fig/diono_recons/kak_2015-03-15_2015-03-2
8.eps>
(epstopdf)             \includegraphics on input line 308.
Package epstopdf Info: Output file is already uptodate.
<fig/diono_recons/kak_2015-03-15_2015-03-28-eps-converted-to.pdf, id=319, 722.7
pt x 289.08pt>
File: fig/diono_recons/kak_2015-03-15_2015-03-28-eps-converted-to.pdf Graphic f
ile (type pdf)
<use fig/diono_recons/kak_2015-03-15_2015-03-28-eps-converted-to.pdf>
Package pdftex.def Info: fig/diono_recons/kak_2015-03-15_2015-03-28-eps-convert
ed-to.pdf  used on input line 308.
(pdftex.def)             Requested size: 199.16928pt x 79.66705pt.
Package epstopdf Info: Source file: <fig/diono_recons/hon_2015-03-15_2015-03-28
.eps>
(epstopdf)                    date: 2025-03-18 17:32:28
(epstopdf)                    size: 274203 bytes
(epstopdf)             Output file: <fig/diono_recons/hon_2015-03-15_2015-03-28
-eps-converted-to.pdf>
(epstopdf)                    date: 2025-03-19 08:53:58
(epstopdf)                    size: 202493 bytes
(epstopdf)             Command: <repstopdf --outfile=fig/diono_recons/hon_2015-
03-15_2015-03-28-eps-converted-to.pdf fig/diono_recons/hon_2015-03-15_2015-03-2
8.eps>
(epstopdf)             \includegraphics on input line 309.
Package epstopdf Info: Output file is already uptodate.
<fig/diono_recons/hon_2015-03-15_2015-03-28-eps-converted-to.pdf, id=320, 722.7
pt x 289.08pt>
File: fig/diono_recons/hon_2015-03-15_2015-03-28-eps-converted-to.pdf Graphic f
ile (type pdf)
<use fig/diono_recons/hon_2015-03-15_2015-03-28-eps-converted-to.pdf>
Package pdftex.def Info: fig/diono_recons/hon_2015-03-15_2015-03-28-eps-convert
ed-to.pdf  used on input line 309.
(pdftex.def)             Requested size: 199.16928pt x 79.66705pt.
Package epstopdf Info: Source file: <fig/diono_recons/teo_2015-03-15_2015-03-28
.eps>
(epstopdf)                    date: 2025-03-18 17:39:57
(epstopdf)                    size: 279242 bytes
(epstopdf)             Output file: <fig/diono_recons/teo_2015-03-15_2015-03-28
-eps-converted-to.pdf>
(epstopdf)                    date: 2025-03-19 08:53:58
(epstopdf)                    size: 227619 bytes
(epstopdf)             Command: <repstopdf --outfile=fig/diono_recons/teo_2015-
03-15_2015-03-28-eps-converted-to.pdf fig/diono_recons/teo_2015-03-15_2015-03-2
8.eps>
(epstopdf)             \includegraphics on input line 310.
Package epstopdf Info: Output file is already uptodate.
<fig/diono_recons/teo_2015-03-15_2015-03-28-eps-converted-to.pdf, id=321, 722.7
pt x 289.08pt>
File: fig/diono_recons/teo_2015-03-15_2015-03-28-eps-converted-to.pdf Graphic f
ile (type pdf)
<use fig/diono_recons/teo_2015-03-15_2015-03-28-eps-converted-to.pdf>
Package pdftex.def Info: fig/diono_recons/teo_2015-03-15_2015-03-28-eps-convert
ed-to.pdf  used on input line 310.
(pdftex.def)             Requested size: 199.16928pt x 79.66705pt.
Package epstopdf Info: Source file: <fig/diono_recons/sjg_2015-03-15_2015-03-28
.eps>
(epstopdf)                    date: 2025-03-18 17:40:13
(epstopdf)                    size: 276686 bytes
(epstopdf)             Output file: <fig/diono_recons/sjg_2015-03-15_2015-03-28
-eps-converted-to.pdf>
(epstopdf)                    date: 2025-03-19 08:53:58
(epstopdf)                    size: 214090 bytes
(epstopdf)             Command: <repstopdf --outfile=fig/diono_recons/sjg_2015-
03-15_2015-03-28-eps-converted-to.pdf fig/diono_recons/sjg_2015-03-15_2015-03-2
8.eps>
(epstopdf)             \includegraphics on input line 311.
Package epstopdf Info: Output file is already uptodate.
<fig/diono_recons/sjg_2015-03-15_2015-03-28-eps-converted-to.pdf, id=322, 722.7
pt x 289.08pt>
File: fig/diono_recons/sjg_2015-03-15_2015-03-28-eps-converted-to.pdf Graphic f
ile (type pdf)
<use fig/diono_recons/sjg_2015-03-15_2015-03-28-eps-converted-to.pdf>
Package pdftex.def Info: fig/diono_recons/sjg_2015-03-15_2015-03-28-eps-convert
ed-to.pdf  used on input line 311.
(pdftex.def)             Requested size: 199.16928pt x 79.66705pt.

Underfull \hbox (badness 10000) in paragraph at lines 321--322

 []


Underfull \hbox (badness 10000) in paragraph at lines 324--325

 []


Underfull \hbox (badness 10000) in paragraph at lines 326--327

 []

[9] [10 <./fig/diono_recons/gui_2015-03-15_2015-03-28-eps-converted-to.pdf> <./
fig/diono_recons/tam_2015-03-15_2015-03-28-eps-converted-to.pdf> <./fig/diono_r
econs/jai_2015-03-15_2015-03-28-eps-converted-to.pdf> <./fig/diono_recons/lzh_2
015-03-15_2015-03-28-eps-converted-to.pdf> <./fig/diono_recons/bmt_2015-03-15_2
015-03-28-eps-converted-to.pdf> <./fig/diono_recons/cyg_2015-03-15_2015-03-28-e
ps-converted-to.pdf> <./fig/diono_recons/kak_2015-03-15_2015-03-28-eps-converte
d-to.pdf> <./fig/diono_recons/hon_2015-03-15_2015-03-28-eps-converted-to.pdf> <
./fig/diono_recons/teo_2015-03-15_2015-03-28-eps-converted-to.pdf> <./fig/diono
_recons/sjg_2015-03-15_2015-03-28-eps-converted-to.pdf>]
<fig/ppef_dist/sjg_2015-03-17_2015-03-18.png, id=392, 462.528pt x 346.896pt>
File: fig/ppef_dist/sjg_2015-03-17_2015-03-18.png Graphic file (type png)
<use fig/ppef_dist/sjg_2015-03-17_2015-03-18.png>
Package pdftex.def Info: fig/ppef_dist/sjg_2015-03-17_2015-03-18.png  used on i
nput line 330.
(pdftex.def)             Requested size: 256.0748pt x 192.06375pt.

Underfull \hbox (badness 10000) in paragraph at lines 335--336

 []


Underfull \hbox (badness 10000) in paragraph at lines 338--339

 []


Underfull \hbox (badness 10000) in paragraph at lines 342--343

 []


Underfull \hbox (badness 10000) in paragraph at lines 344--345

 []

[11 <./fig/ppef_dist/sjg_2015-03-17_2015-03-18.png>]
Package epstopdf Info: Source file: <fig/wavelets/gui_2015-03-15_2015-03-28.eps
>
(epstopdf)                    date: 2025-02-19 16:37:29
(epstopdf)                    size: 8394288 bytes
(epstopdf)             Output file: <fig/wavelets/gui_2015-03-15_2015-03-28-eps
-converted-to.pdf>
(epstopdf)                    date: 2025-02-19 17:06:49
(epstopdf)                    size: 4242676 bytes
(epstopdf)             Command: <repstopdf --outfile=fig/wavelets/gui_2015-03-1
5_2015-03-28-eps-converted-to.pdf fig/wavelets/gui_2015-03-15_2015-03-28.eps>
(epstopdf)             \includegraphics on input line 349.
Package epstopdf Info: Output file is already uptodate.
<fig/wavelets/gui_2015-03-15_2015-03-28-eps-converted-to.pdf, id=413, 722.7pt x
 505.89pt>
File: fig/wavelets/gui_2015-03-15_2015-03-28-eps-converted-to.pdf Graphic file 
(type pdf)
<use fig/wavelets/gui_2015-03-15_2015-03-28-eps-converted-to.pdf>
Package pdftex.def Info: fig/wavelets/gui_2015-03-15_2015-03-28-eps-converted-t
o.pdf  used on input line 349.
(pdftex.def)             Requested size: 199.16928pt x 139.41736pt.
Package epstopdf Info: Source file: <fig/wavelets/tam_2015-03-15_2015-03-28.eps
>
(epstopdf)                    date: 2025-02-19 16:43:45
(epstopdf)                    size: 5190643 bytes
(epstopdf)             Output file: <fig/wavelets/tam_2015-03-15_2015-03-28-eps
-converted-to.pdf>
(epstopdf)                    date: 2025-02-19 17:06:51
(epstopdf)                    size: 2678150 bytes
(epstopdf)             Command: <repstopdf --outfile=fig/wavelets/tam_2015-03-1
5_2015-03-28-eps-converted-to.pdf fig/wavelets/tam_2015-03-15_2015-03-28.eps>
(epstopdf)             \includegraphics on input line 350.
Package epstopdf Info: Output file is already uptodate.
<fig/wavelets/tam_2015-03-15_2015-03-28-eps-converted-to.pdf, id=414, 722.7pt x
 505.89pt>
File: fig/wavelets/tam_2015-03-15_2015-03-28-eps-converted-to.pdf Graphic file 
(type pdf)
<use fig/wavelets/tam_2015-03-15_2015-03-28-eps-converted-to.pdf>
Package pdftex.def Info: fig/wavelets/tam_2015-03-15_2015-03-28-eps-converted-t
o.pdf  used on input line 350.
(pdftex.def)             Requested size: 199.16928pt x 139.41736pt.
Package epstopdf Info: Source file: <fig/wavelets/jai_2015-03-15_2015-03-28.eps
>
(epstopdf)                    date: 2025-02-19 17:03:24
(epstopdf)                    size: 6442521 bytes
(epstopdf)             Output file: <fig/wavelets/jai_2015-03-15_2015-03-28-eps
-converted-to.pdf>
(epstopdf)                    date: 2025-02-19 17:06:55
(epstopdf)                    size: 3362254 bytes
(epstopdf)             Command: <repstopdf --outfile=fig/wavelets/jai_2015-03-1
5_2015-03-28-eps-converted-to.pdf fig/wavelets/jai_2015-03-15_2015-03-28.eps>
(epstopdf)             \includegraphics on input line 351.
Package epstopdf Info: Output file is already uptodate.
<fig/wavelets/jai_2015-03-15_2015-03-28-eps-converted-to.pdf, id=415, 722.7pt x
 505.89pt>
File: fig/wavelets/jai_2015-03-15_2015-03-28-eps-converted-to.pdf Graphic file 
(type pdf)
<use fig/wavelets/jai_2015-03-15_2015-03-28-eps-converted-to.pdf>
Package pdftex.def Info: fig/wavelets/jai_2015-03-15_2015-03-28-eps-converted-t
o.pdf  used on input line 351.
(pdftex.def)             Requested size: 199.16928pt x 139.41736pt.
Package epstopdf Info: Source file: <fig/wavelets/lzh_2015-03-15_2015-03-28.eps
>
(epstopdf)                    date: 2025-02-19 17:06:07
(epstopdf)                    size: 4453562 bytes
(epstopdf)             Output file: <fig/wavelets/lzh_2015-03-15_2015-03-28-eps
-converted-to.pdf>
(epstopdf)                    date: 2025-02-19 17:06:58
(epstopdf)                    size: 2437088 bytes
(epstopdf)             Command: <repstopdf --outfile=fig/wavelets/lzh_2015-03-1
5_2015-03-28-eps-converted-to.pdf fig/wavelets/lzh_2015-03-15_2015-03-28.eps>
(epstopdf)             \includegraphics on input line 352.
Package epstopdf Info: Output file is already uptodate.
<fig/wavelets/lzh_2015-03-15_2015-03-28-eps-converted-to.pdf, id=416, 722.7pt x
 505.89pt>
File: fig/wavelets/lzh_2015-03-15_2015-03-28-eps-converted-to.pdf Graphic file 
(type pdf)
<use fig/wavelets/lzh_2015-03-15_2015-03-28-eps-converted-to.pdf>
Package pdftex.def Info: fig/wavelets/lzh_2015-03-15_2015-03-28-eps-converted-t
o.pdf  used on input line 352.
(pdftex.def)             Requested size: 199.16928pt x 139.41736pt.
Package epstopdf Info: Source file: <fig/wavelets/bmt_2015-03-15_2015-03-28.eps
>
(epstopdf)                    date: 2025-02-19 17:10:35
(epstopdf)                    size: 5575494 bytes
(epstopdf)             Output file: <fig/wavelets/bmt_2015-03-15_2015-03-28-eps
-converted-to.pdf>
(epstopdf)                    date: 2025-02-20 08:50:27
(epstopdf)                    size: 3025135 bytes
(epstopdf)             Command: <repstopdf --outfile=fig/wavelets/bmt_2015-03-1
5_2015-03-28-eps-converted-to.pdf fig/wavelets/bmt_2015-03-15_2015-03-28.eps>
(epstopdf)             \includegraphics on input line 353.
Package epstopdf Info: Output file is already uptodate.
<fig/wavelets/bmt_2015-03-15_2015-03-28-eps-converted-to.pdf, id=417, 722.7pt x
 505.89pt>
File: fig/wavelets/bmt_2015-03-15_2015-03-28-eps-converted-to.pdf Graphic file 
(type pdf)
<use fig/wavelets/bmt_2015-03-15_2015-03-28-eps-converted-to.pdf>
Package pdftex.def Info: fig/wavelets/bmt_2015-03-15_2015-03-28-eps-converted-t
o.pdf  used on input line 353.
(pdftex.def)             Requested size: 199.16928pt x 139.41736pt.
Package epstopdf Info: Source file: <fig/wavelets/cyg_2015-03-15_2015-03-28.eps
>
(epstopdf)                    date: 2025-02-19 17:34:02
(epstopdf)                    size: 4000635 bytes
(epstopdf)             Output file: <fig/wavelets/cyg_2015-03-15_2015-03-28-eps
-converted-to.pdf>
(epstopdf)                    date: 2025-02-20 08:50:29
(epstopdf)                    size: 1989476 bytes
(epstopdf)             Command: <repstopdf --outfile=fig/wavelets/cyg_2015-03-1
5_2015-03-28-eps-converted-to.pdf fig/wavelets/cyg_2015-03-15_2015-03-28.eps>
(epstopdf)             \includegraphics on input line 354.
Package epstopdf Info: Output file is already uptodate.
<fig/wavelets/cyg_2015-03-15_2015-03-28-eps-converted-to.pdf, id=418, 722.7pt x
 505.89pt>
File: fig/wavelets/cyg_2015-03-15_2015-03-28-eps-converted-to.pdf Graphic file 
(type pdf)
<use fig/wavelets/cyg_2015-03-15_2015-03-28-eps-converted-to.pdf>
Package pdftex.def Info: fig/wavelets/cyg_2015-03-15_2015-03-28-eps-converted-t
o.pdf  used on input line 354.
(pdftex.def)             Requested size: 199.16928pt x 139.41736pt.
Package epstopdf Info: Source file: <fig/wavelets/kak_2015-03-15_2015-03-28.eps
>
(epstopdf)                    date: 2025-02-07 14:03:26
(epstopdf)                    size: 5491434 bytes
(epstopdf)             Output file: <fig/wavelets/kak_2015-03-15_2015-03-28-eps
-converted-to.pdf>
(epstopdf)                    date: 2025-02-07 15:11:23
(epstopdf)                    size: 2961670 bytes
(epstopdf)             Command: <repstopdf --outfile=fig/wavelets/kak_2015-03-1
5_2015-03-28-eps-converted-to.pdf fig/wavelets/kak_2015-03-15_2015-03-28.eps>
(epstopdf)             \includegraphics on input line 355.
Package epstopdf Info: Output file is already uptodate.
<fig/wavelets/kak_2015-03-15_2015-03-28-eps-converted-to.pdf, id=419, 722.7pt x
 505.89pt>
File: fig/wavelets/kak_2015-03-15_2015-03-28-eps-converted-to.pdf Graphic file 
(type pdf)
<use fig/wavelets/kak_2015-03-15_2015-03-28-eps-converted-to.pdf>
Package pdftex.def Info: fig/wavelets/kak_2015-03-15_2015-03-28-eps-converted-t
o.pdf  used on input line 355.
(pdftex.def)             Requested size: 199.16928pt x 139.41736pt.
Package epstopdf Info: Source file: <fig/wavelets/hon_2015-03-15_2015-03-28.eps
>
(epstopdf)                    date: 2025-02-07 14:08:18
(epstopdf)                    size: 2791805 bytes
(epstopdf)             Output file: <fig/wavelets/hon_2015-03-15_2015-03-28-eps
-converted-to.pdf>
(epstopdf)                    date: 2025-02-07 15:11:25
(epstopdf)                    size: 1563578 bytes
(epstopdf)             Command: <repstopdf --outfile=fig/wavelets/hon_2015-03-1
5_2015-03-28-eps-converted-to.pdf fig/wavelets/hon_2015-03-15_2015-03-28.eps>
(epstopdf)             \includegraphics on input line 356.
Package epstopdf Info: Output file is already uptodate.
<fig/wavelets/hon_2015-03-15_2015-03-28-eps-converted-to.pdf, id=420, 722.7pt x
 505.89pt>
File: fig/wavelets/hon_2015-03-15_2015-03-28-eps-converted-to.pdf Graphic file 
(type pdf)
<use fig/wavelets/hon_2015-03-15_2015-03-28-eps-converted-to.pdf>
Package pdftex.def Info: fig/wavelets/hon_2015-03-15_2015-03-28-eps-converted-t
o.pdf  used on input line 356.
(pdftex.def)             Requested size: 199.16928pt x 139.41736pt.
Package epstopdf Info: Source file: <fig/wavelets/teo_2015-03-15_2015-03-28.eps
>
(epstopdf)                    date: 2025-02-19 16:02:48
(epstopdf)                    size: 8271902 bytes
(epstopdf)             Output file: <fig/wavelets/teo_2015-03-15_2015-03-28-eps
-converted-to.pdf>
(epstopdf)                    date: 2025-02-19 16:07:53
(epstopdf)                    size: 3781434 bytes
(epstopdf)             Command: <repstopdf --outfile=fig/wavelets/teo_2015-03-1
5_2015-03-28-eps-converted-to.pdf fig/wavelets/teo_2015-03-15_2015-03-28.eps>
(epstopdf)             \includegraphics on input line 357.
Package epstopdf Info: Output file is already uptodate.
<fig/wavelets/teo_2015-03-15_2015-03-28-eps-converted-to.pdf, id=421, 722.7pt x
 505.89pt>
File: fig/wavelets/teo_2015-03-15_2015-03-28-eps-converted-to.pdf Graphic file 
(type pdf)
<use fig/wavelets/teo_2015-03-15_2015-03-28-eps-converted-to.pdf>
Package pdftex.def Info: fig/wavelets/teo_2015-03-15_2015-03-28-eps-converted-t
o.pdf  used on input line 357.
(pdftex.def)             Requested size: 199.16928pt x 139.41736pt.
Package epstopdf Info: Source file: <fig/wavelets/sjg_2015-03-15_2015-03-28.eps
>
(epstopdf)                    date: 2025-02-19 16:17:55
(epstopdf)                    size: 6925182 bytes
(epstopdf)             Output file: <fig/wavelets/sjg_2015-03-15_2015-03-28-eps
-converted-to.pdf>
(epstopdf)                    date: 2025-02-19 17:07:01
(epstopdf)                    size: 3641554 bytes
(epstopdf)             Command: <repstopdf --outfile=fig/wavelets/sjg_2015-03-1
5_2015-03-28-eps-converted-to.pdf fig/wavelets/sjg_2015-03-15_2015-03-28.eps>
(epstopdf)             \includegraphics on input line 358.
Package epstopdf Info: Output file is already uptodate.
<fig/wavelets/sjg_2015-03-15_2015-03-28-eps-converted-to.pdf, id=422, 722.7pt x
 505.89pt>
File: fig/wavelets/sjg_2015-03-15_2015-03-28-eps-converted-to.pdf Graphic file 
(type pdf)
<use fig/wavelets/sjg_2015-03-15_2015-03-28-eps-converted-to.pdf>
Package pdftex.def Info: fig/wavelets/sjg_2015-03-15_2015-03-28-eps-converted-t
o.pdf  used on input line 358.
(pdftex.def)             Requested size: 199.16928pt x 139.41736pt.


LaTeX Warning: Float too large for page by 46.57993pt on input line 361.


Underfull \hbox (badness 10000) in paragraph at lines 365--366

 []


LaTeX Warning: Reference `tab:corr' on page 12 undefined on input line 367.


Underfull \hbox (badness 10000) in paragraph at lines 367--368

 []


Underfull \hbox (badness 10000) in paragraph at lines 370--371

 []

Package epstopdf Info: Source file: <fig/corr/gui_corr.eps>
(epstopdf)                    date: 2025-03-18 11:12:30
(epstopdf)                    size: 20980 bytes
(epstopdf)             Output file: <fig/corr/gui_corr-eps-converted-to.pdf>
(epstopdf)                    date: 2025-03-18 11:28:27
(epstopdf)                    size: 14716 bytes
(epstopdf)             Command: <repstopdf --outfile=fig/corr/gui_corr-eps-conv
erted-to.pdf fig/corr/gui_corr.eps>
(epstopdf)             \includegraphics on input line 384.
Package epstopdf Info: Output file is already uptodate.
<fig/corr/gui_corr-eps-converted-to.pdf, id=430, 433.62pt x 433.62pt>
File: fig/corr/gui_corr-eps-converted-to.pdf Graphic file (type pdf)
<use fig/corr/gui_corr-eps-converted-to.pdf>
Package pdftex.def Info: fig/corr/gui_corr-eps-converted-to.pdf  used on input 
line 384.
(pdftex.def)             Requested size: 142.26378pt x 142.26135pt.
Package epstopdf Info: Source file: <fig/corr/tam_corr.eps>
(epstopdf)                    date: 2025-03-18 11:12:34
(epstopdf)                    size: 21963 bytes
(epstopdf)             Output file: <fig/corr/tam_corr-eps-converted-to.pdf>
(epstopdf)                    date: 2025-03-18 11:28:28
(epstopdf)                    size: 14770 bytes
(epstopdf)             Command: <repstopdf --outfile=fig/corr/tam_corr-eps-conv
erted-to.pdf fig/corr/tam_corr.eps>
(epstopdf)             \includegraphics on input line 385.
Package epstopdf Info: Output file is already uptodate.
<fig/corr/tam_corr-eps-converted-to.pdf, id=431, 433.62pt x 433.62pt>
File: fig/corr/tam_corr-eps-converted-to.pdf Graphic file (type pdf)
<use fig/corr/tam_corr-eps-converted-to.pdf>
Package pdftex.def Info: fig/corr/tam_corr-eps-converted-to.pdf  used on input 
line 385.
(pdftex.def)             Requested size: 142.26378pt x 142.26135pt.
Package epstopdf Info: Source file: <fig/corr/jai_corr.eps>
(epstopdf)                    date: 2025-03-18 11:12:39
(epstopdf)                    size: 21452 bytes
(epstopdf)             Output file: <fig/corr/jai_corr-eps-converted-to.pdf>
(epstopdf)                    date: 2025-03-18 11:28:28
(epstopdf)                    size: 14797 bytes
(epstopdf)             Command: <repstopdf --outfile=fig/corr/jai_corr-eps-conv
erted-to.pdf fig/corr/jai_corr.eps>
(epstopdf)             \includegraphics on input line 386.
Package epstopdf Info: Output file is already uptodate.
<fig/corr/jai_corr-eps-converted-to.pdf, id=432, 433.62pt x 433.62pt>
File: fig/corr/jai_corr-eps-converted-to.pdf Graphic file (type pdf)
<use fig/corr/jai_corr-eps-converted-to.pdf>
Package pdftex.def Info: fig/corr/jai_corr-eps-converted-to.pdf  used on input 
line 386.
(pdftex.def)             Requested size: 142.26378pt x 142.26135pt.
Package epstopdf Info: Source file: <fig/corr/lzh_corr.eps>
(epstopdf)                    date: 2025-03-18 11:13:10
(epstopdf)                    size: 21623 bytes
(epstopdf)             Output file: <fig/corr/lzh_corr-eps-converted-to.pdf>
(epstopdf)                    date: 2025-03-18 11:28:28
(epstopdf)                    size: 14763 bytes
(epstopdf)             Command: <repstopdf --outfile=fig/corr/lzh_corr-eps-conv
erted-to.pdf fig/corr/lzh_corr.eps>
(epstopdf)             \includegraphics on input line 387.
Package epstopdf Info: Output file is already uptodate.
<fig/corr/lzh_corr-eps-converted-to.pdf, id=433, 433.62pt x 433.62pt>
File: fig/corr/lzh_corr-eps-converted-to.pdf Graphic file (type pdf)
<use fig/corr/lzh_corr-eps-converted-to.pdf>
Package pdftex.def Info: fig/corr/lzh_corr-eps-converted-to.pdf  used on input 
line 387.
(pdftex.def)             Requested size: 142.26378pt x 142.26135pt.
Package epstopdf Info: Source file: <fig/corr/bmt_corr.eps>
(epstopdf)                    date: 2025-03-18 11:13:13
(epstopdf)                    size: 21790 bytes
(epstopdf)             Output file: <fig/corr/bmt_corr-eps-converted-to.pdf>
(epstopdf)                    date: 2025-03-18 11:28:28
(epstopdf)                    size: 14867 bytes
(epstopdf)             Command: <repstopdf --outfile=fig/corr/bmt_corr-eps-conv
erted-to.pdf fig/corr/bmt_corr.eps>
(epstopdf)             \includegraphics on input line 388.
Package epstopdf Info: Output file is already uptodate.
<fig/corr/bmt_corr-eps-converted-to.pdf, id=434, 433.62pt x 433.62pt>
File: fig/corr/bmt_corr-eps-converted-to.pdf Graphic file (type pdf)
<use fig/corr/bmt_corr-eps-converted-to.pdf>
Package pdftex.def Info: fig/corr/bmt_corr-eps-converted-to.pdf  used on input 
line 388.
(pdftex.def)             Requested size: 142.26378pt x 142.26135pt.
Package epstopdf Info: Source file: <fig/corr/cyg_corr.eps>
(epstopdf)                    date: 2025-03-18 11:13:18
(epstopdf)                    size: 21547 bytes
(epstopdf)             Output file: <fig/corr/cyg_corr-eps-converted-to.pdf>
(epstopdf)                    date: 2025-03-18 11:28:29
(epstopdf)                    size: 14933 bytes
(epstopdf)             Command: <repstopdf --outfile=fig/corr/cyg_corr-eps-conv
erted-to.pdf fig/corr/cyg_corr.eps>
(epstopdf)             \includegraphics on input line 389.
Package epstopdf Info: Output file is already uptodate.
<fig/corr/cyg_corr-eps-converted-to.pdf, id=435, 433.62pt x 433.62pt>
File: fig/corr/cyg_corr-eps-converted-to.pdf Graphic file (type pdf)
<use fig/corr/cyg_corr-eps-converted-to.pdf>
Package pdftex.def Info: fig/corr/cyg_corr-eps-converted-to.pdf  used on input 
line 389.
(pdftex.def)             Requested size: 142.26378pt x 142.26135pt.
Package epstopdf Info: Source file: <fig/corr/kak_corr.eps>
(epstopdf)                    date: 2025-03-18 11:13:21
(epstopdf)                    size: 21175 bytes
(epstopdf)             Output file: <fig/corr/kak_corr-eps-converted-to.pdf>
(epstopdf)                    date: 2025-03-18 11:28:29
(epstopdf)                    size: 14530 bytes
(epstopdf)             Command: <repstopdf --outfile=fig/corr/kak_corr-eps-conv
erted-to.pdf fig/corr/kak_corr.eps>
(epstopdf)             \includegraphics on input line 390.
Package epstopdf Info: Output file is already uptodate.
<fig/corr/kak_corr-eps-converted-to.pdf, id=436, 433.62pt x 433.62pt>
File: fig/corr/kak_corr-eps-converted-to.pdf Graphic file (type pdf)
<use fig/corr/kak_corr-eps-converted-to.pdf>
Package pdftex.def Info: fig/corr/kak_corr-eps-converted-to.pdf  used on input 
line 390.
(pdftex.def)             Requested size: 142.26378pt x 142.26135pt.
Package epstopdf Info: Source file: <fig/corr/hon_corr.eps>
(epstopdf)                    date: 2025-03-18 11:13:24
(epstopdf)                    size: 20980 bytes
(epstopdf)             Output file: <fig/corr/hon_corr-eps-converted-to.pdf>
(epstopdf)                    date: 2025-03-18 11:28:29
(epstopdf)                    size: 14731 bytes
(epstopdf)             Command: <repstopdf --outfile=fig/corr/hon_corr-eps-conv
erted-to.pdf fig/corr/hon_corr.eps>
(epstopdf)             \includegraphics on input line 391.
Package epstopdf Info: Output file is already uptodate.
<fig/corr/hon_corr-eps-converted-to.pdf, id=437, 433.62pt x 433.62pt>
File: fig/corr/hon_corr-eps-converted-to.pdf Graphic file (type pdf)
<use fig/corr/hon_corr-eps-converted-to.pdf>
Package pdftex.def Info: fig/corr/hon_corr-eps-converted-to.pdf  used on input 
line 391.
(pdftex.def)             Requested size: 142.26378pt x 142.26135pt.
Package epstopdf Info: Source file: <fig/corr/teo_corr.eps>
(epstopdf)                    date: 2025-03-18 11:12:12
(epstopdf)                    size: 21014 bytes
(epstopdf)             Output file: <fig/corr/teo_corr-eps-converted-to.pdf>
(epstopdf)                    date: 2025-03-18 11:28:29
(epstopdf)                    size: 14666 bytes
(epstopdf)             Command: <repstopdf --outfile=fig/corr/teo_corr-eps-conv
erted-to.pdf fig/corr/teo_corr.eps>
(epstopdf)             \includegraphics on input line 392.
Package epstopdf Info: Output file is already uptodate.
<fig/corr/teo_corr-eps-converted-to.pdf, id=438, 433.62pt x 433.62pt>
File: fig/corr/teo_corr-eps-converted-to.pdf Graphic file (type pdf)
<use fig/corr/teo_corr-eps-converted-to.pdf>
Package pdftex.def Info: fig/corr/teo_corr-eps-converted-to.pdf  used on input 
line 392.
(pdftex.def)             Requested size: 142.26378pt x 142.26135pt.
Package epstopdf Info: Source file: <fig/corr/sjg_corr.eps>
(epstopdf)                    date: 2025-03-18 11:12:26
(epstopdf)                    size: 20986 bytes
(epstopdf)             Output file: <fig/corr/sjg_corr-eps-converted-to.pdf>
(epstopdf)                    date: 2025-03-18 11:28:29
(epstopdf)                    size: 14412 bytes
(epstopdf)             Command: <repstopdf --outfile=fig/corr/sjg_corr-eps-conv
erted-to.pdf fig/corr/sjg_corr.eps>
(epstopdf)             \includegraphics on input line 393.
Package epstopdf Info: Output file is already uptodate.
<fig/corr/sjg_corr-eps-converted-to.pdf, id=439, 433.62pt x 433.62pt>
File: fig/corr/sjg_corr-eps-converted-to.pdf Graphic file (type pdf)
<use fig/corr/sjg_corr-eps-converted-to.pdf>
Package pdftex.def Info: fig/corr/sjg_corr-eps-converted-to.pdf  used on input 
line 393.
(pdftex.def)             Requested size: 142.26378pt x 142.26135pt.

Underfull \hbox (badness 10000) in paragraph at lines 401--402

 []


Underfull \hbox (badness 10000) in paragraph at lines 403--404

 []


Underfull \hbox (badness 10000) in paragraph at lines 405--406

 []

[12] [13 <./fig/wavelets/gui_2015-03-15_2015-03-28-eps-converted-to.pdf> <./fig
/wavelets/tam_2015-03-15_2015-03-28-eps-converted-to.pdf> <./fig/wavelets/jai_2
015-03-15_2015-03-28-eps-converted-to.pdf> <./fig/wavelets/lzh_2015-03-15_2015-
03-28-eps-converted-to.pdf> <./fig/wavelets/bmt_2015-03-15_2015-03-28-eps-conve
rted-to.pdf> <./fig/wavelets/cyg_2015-03-15_2015-03-28-eps-converted-to.pdf> <.
/fig/wavelets/kak_2015-03-15_2015-03-28-eps-converted-to.pdf> <./fig/wavelets/h
on_2015-03-15_2015-03-28-eps-converted-to.pdf> <./fig/wavelets/teo_2015-03-15_2
015-03-28-eps-converted-to.pdf> <./fig/wavelets/sjg_2015-03-15_2015-03-28-eps-c
onverted-to.pdf>] [14 <./fig/corr/gui_corr-eps-converted-to.pdf> <./fig/corr/ta
m_corr-eps-converted-to.pdf> <./fig/corr/jai_corr-eps-converted-to.pdf> <./fig/
corr/lzh_corr-eps-converted-to.pdf> <./fig/corr/bmt_corr-eps-converted-to.pdf> 
<./fig/corr/cyg_corr-eps-converted-to.pdf> <./fig/corr/kak_corr-eps-converted-t
o.pdf> <./fig/corr/hon_corr-eps-converted-to.pdf> <./fig/corr/teo_corr-eps-conv
erted-to.pdf> <./fig/corr/sjg_corr-eps-converted-to.pdf>]
Overfull \hbox (9.16768pt too wide) in paragraph at lines 416--417
[]\OT1/cmr/m/n/10 The previous point would imply that a substorm might also aff
ect $\OML/cmm/m/it/10 H[]$ \OT1/cmr/m/n/10 amplitudes for observatories
 []


Underfull \hbox (badness 10000) in paragraph at lines 423--424

 []


Underfull \hbox (badness 10000) in paragraph at lines 431--432

 []


Underfull \hbox (badness 10000) in paragraph at lines 448--449

 []

(./main.bbl [15]
Underfull \hbox (badness 3250) in paragraph at lines 9--21
\OT1/cmr/m/it/10 Journal of Geophysics\OT1/cmr/m/n/10 , 51(5):909--915, 2008.  
[]$\OT1/cmtt/m/n/10 doi : https : / / doi . org / 10 . 1002 / cjg2 . 1286$[]\OT
1/cmr/m/n/10 .
 []


Underfull \hbox (badness 1838) in paragraph at lines 9--21
[]\OT1/cmtt/m/n/10 https://agupubs.onlinelibrary.wiley.com/doi/pdf/10.1002/cjg2
.1286[]\OT1/cmr/m/n/10 .  URL []$\OT1/cmtt/m/n/10 https : / /
 []

[16]) [17] (./main.aux)

LaTeX Warning: There were undefined references.

Package rerunfilecheck Info: File `main.out' has not changed.
(rerunfilecheck)             Checksum: 9DAB2D396D29A8D9CA29AFDC0150BFAF;2285.
 ) 
Here is how much of TeX's memory you used:
 25717 strings out of 476091
 487165 string characters out of 5794082
 1870330 words of memory out of 5000000
 45551 multiletter control sequences out of 15000+600000
 523835 words of font info for 78 fonts, out of 8000000 for 9000
 1141 hyphenation exceptions out of 8191
 117i,12n,118p,1340b,833s stack positions out of 10000i,1000n,20000p,200000b,200000s
{/usr/share/texmf/fonts/enc/dvips/cm-super/cm-super-ts1.enc}</usr/share/texli
ve/texmf-dist/fonts/type1/public/amsfonts/cm/cmbx10.pfb></usr/share/texlive/tex
mf-dist/fonts/type1/public/amsfonts/cm/cmbx12.pfb></usr/share/texlive/texmf-dis
t/fonts/type1/public/amsfonts/cm/cmbx8.pfb></usr/share/texlive/texmf-dist/fonts
/type1/public/amsfonts/cm/cmbx9.pfb></usr/share/texlive/texmf-dist/fonts/type1/
public/amsfonts/cm/cmex10.pfb></usr/share/texlive/texmf-dist/fonts/type1/public
/amsfonts/cm/cmmi10.pfb></usr/share/texlive/texmf-dist/fonts/type1/public/amsfo
nts/cm/cmmi5.pfb></usr/share/texlive/texmf-dist/fonts/type1/public/amsfonts/cm/
cmmi7.pfb></usr/share/texlive/texmf-dist/fonts/type1/public/amsfonts/cm/cmmi8.p
fb></usr/share/texlive/texmf-dist/fonts/type1/public/amsfonts/cm/cmr10.pfb></us
r/share/texlive/texmf-dist/fonts/type1/public/amsfonts/cm/cmr12.pfb></usr/share
/texlive/texmf-dist/fonts/type1/public/amsfonts/cm/cmr17.pfb></usr/share/texliv
e/texmf-dist/fonts/type1/public/amsfonts/cm/cmr7.pfb></usr/share/texlive/texmf-
dist/fonts/type1/public/amsfonts/cm/cmr8.pfb></usr/share/texlive/texmf-dist/fon
ts/type1/public/amsfonts/cm/cmr9.pfb></usr/share/texlive/texmf-dist/fonts/type1
/public/amsfonts/cm/cmsy10.pfb></usr/share/texlive/texmf-dist/fonts/type1/publi
c/amsfonts/cm/cmsy7.pfb></usr/share/texlive/texmf-dist/fonts/type1/public/amsfo
nts/cm/cmti10.pfb></usr/share/texlive/texmf-dist/fonts/type1/public/amsfonts/cm
/cmtt10.pfb></usr/share/texmf/fonts/type1/public/cm-super/sfrm1000.pfb>
Output written on main.pdf (17 pages, 38316978 bytes).
PDF statistics:
 778 PDF objects out of 1000 (max. 8388607)
 588 compressed objects within 6 object streams
 78 named destinations out of 1000 (max. 500000)
 340 words of extra memory for PDF output out of 10000 (max. 10000000)

